Component: ARM Compiler 5.06 update 7 (build 960) Tool: armlink [4d3601]

==============================================================================

Section Cross References

    system_stm32f10x.o(i.SetSysClock) refers to system_stm32f10x.o(i.SetSysClockTo72) for SetSysClockTo72
    system_stm32f10x.o(i.SystemCoreClockUpdate) refers to system_stm32f10x.o(.data) for SystemCoreClock
    system_stm32f10x.o(i.SystemInit) refers to system_stm32f10x.o(i.SetSysClock) for SetSysClock
    stm32f10x_gpio.o(i.GPIO_AFIODeInit) refers to stm32f10x_rcc.o(i.RCC_APB2PeriphResetCmd) for RCC_APB2PeriphResetCmd
    stm32f10x_gpio.o(i.GPIO_DeInit) refers to stm32f10x_rcc.o(i.RCC_APB2PeriphResetCmd) for RCC_APB2PeriphResetCmd
    stm32f10x_rcc.o(i.RCC_GetClocksFreq) refers to stm32f10x_rcc.o(.data) for APBAHBPrescTable
    stm32f10x_rcc.o(i.RCC_WaitForHSEStartUp) refers to stm32f10x_rcc.o(i.RCC_GetFlagStatus) for RCC_GetFlagStatus
    stm32f10x_usart.o(i.USART_DeInit) refers to stm32f10x_rcc.o(i.RCC_APB2PeriphResetCmd) for RCC_APB2PeriphResetCmd
    stm32f10x_usart.o(i.USART_DeInit) refers to stm32f10x_rcc.o(i.RCC_APB1PeriphResetCmd) for RCC_APB1PeriphResetCmd
    stm32f10x_usart.o(i.USART_Init) refers to stm32f10x_rcc.o(i.RCC_GetClocksFreq) for RCC_GetClocksFreq
    stm32f10x_spi.o(i.I2S_Init) refers to stm32f10x_rcc.o(i.RCC_GetClocksFreq) for RCC_GetClocksFreq
    stm32f10x_spi.o(i.SPI_I2S_DeInit) refers to stm32f10x_rcc.o(i.RCC_APB2PeriphResetCmd) for RCC_APB2PeriphResetCmd
    stm32f10x_spi.o(i.SPI_I2S_DeInit) refers to stm32f10x_rcc.o(i.RCC_APB1PeriphResetCmd) for RCC_APB1PeriphResetCmd
    startup_stm32f10x_hd.o(RESET) refers to startup_stm32f10x_hd.o(STACK) for __initial_sp
    startup_stm32f10x_hd.o(RESET) refers to startup_stm32f10x_hd.o(.text) for Reset_Handler
    startup_stm32f10x_hd.o(RESET) refers to sys_usart.o(i.USART1_IRQHandler) for USART1_IRQHandler
    startup_stm32f10x_hd.o(RESET) refers to sys_usart.o(i.USART2_IRQHandler) for USART2_IRQHandler
    startup_stm32f10x_hd.o(RESET) refers to sys_usart.o(i.USART3_IRQHandler) for USART3_IRQHandler
    startup_stm32f10x_hd.o(RESET) refers to sys_usart.o(i.UART4_IRQHandler) for UART4_IRQHandler
    startup_stm32f10x_hd.o(RESET) refers to sys_usart.o(i.UART5_IRQHandler) for UART5_IRQHandler
    startup_stm32f10x_hd.o(.text) refers to system_stm32f10x.o(i.SystemInit) for SystemInit
    startup_stm32f10x_hd.o(.text) refers to entry.o(.ARM.Collect$$$$00000000) for __main
    main.o(i.main) refers to sys_usart.o(i.USART1_Init) for USART1_Init
    main.o(i.main) refers to mcu_delay.o(i.Delay_Init) for Delay_Init
    main.o(i.main) refers to system_stm32f10x.o(i.SystemInit) for SystemInit
    main.o(i.main) refers to mcu_i2c.o(i.MCU_I2C_UserConfig) for MCU_I2C_UserConfig
    main.o(i.main) refers to sgp30.o(i.SGP30_Init) for SGP30_Init
    main.o(i.main) refers to sht3x.o(i.SHT3x_Init) for SHT3x_Init
    main.o(i.main) refers to oledx.o(i.OLED_Init) for OLED_Init
    main.o(i.main) refers to oledx.o(i.OLED_ColorTurn) for OLED_ColorTurn
    main.o(i.main) refers to oledx.o(i.OLED_DisplayTurn) for OLED_DisplayTurn
    main.o(i.main) refers to sysled.o(i.SysRuningstatusLED_Init) for SysRuningstatusLED_Init
    main.o(i.main) refers to syskey.o(i.KEY_UserConfig) for KEY_UserConfig
    main.o(i.main) refers to nrf24l01.o(i.nRF24LO1_UserConfig) for nRF24LO1_UserConfig
    main.o(i.main) refers to nrf24l01.o(i.nRF24L01_ReadConfig) for nRF24L01_ReadConfig
    main.o(i.main) refers to oledx.o(i.OLED_ShowPicture) for OLED_ShowPicture
    main.o(i.main) refers to mcu_delay.o(i.__delay_ms) for __delay_ms
    main.o(i.main) refers to oledx.o(i.OLED_Refresh) for OLED_Refresh
    main.o(i.main) refers to oledx.o(i.OLED_Clear) for OLED_Clear
    main.o(i.main) refers to stm32f10x_gpio.o(i.GPIO_ResetBits) for GPIO_ResetBits
    main.o(i.main) refers to stm32f10x_gpio.o(i.GPIO_SetBits) for GPIO_SetBits
    main.o(i.main) refers to printfa.o(i.__0printf) for __2printf
    main.o(i.main) refers to nrf24l01.o(i.nRF24L01_TxData) for nRF24L01_TxData
    main.o(i.main) refers to sht3x.o(i.SHT3x_Get_Dat) for SHT3x_Get_Dat
    main.o(i.main) refers to f2d.o(.text) for __aeabi_f2d
    main.o(i.main) refers to sgp30.o(i.GSP30_Get_Dat) for GSP30_Get_Dat
    main.o(i.main) refers to oledx.o(i.OLED_ShowChinese) for OLED_ShowChinese
    main.o(i.main) refers to oledx.o(i.OLED_ShowString) for OLED_ShowString
    main.o(i.main) refers to printfa.o(i.__0sprintf) for __2sprintf
    main.o(i.main) refers to oledx.o(i.OLED_ShowNum) for OLED_ShowNum
    main.o(i.main) refers to main.o(.data) for BMP1
    main.o(i.main) refers to nrf24l01.o(.bss) for xNRF24L01
    main.o(i.main) refers to sys_usart.o(.bss) for xUSART
    main.o(i.main) refers to sht3x.o(.data) for SHT3x_Hum
    main.o(i.main) refers to sgp30.o(.data) for TVCO_Raw
    mcu_i2c.o(i.I2C_SDA_Mode) refers to stm32f10x_gpio.o(i.GPIO_Init) for GPIO_Init
    mcu_i2c.o(i.MCU_I2C_Read) refers to mcu_i2c.o(i.I2C_SDA_Mode) for I2C_SDA_Mode
[...]
    printf6.o(i.__0vfprintf$6) refers to printf6.o(i._printf_core) for _printf_core
    printf6.o(i.__0vfprintf$6) refers to sys_usart.o(i.fputc) for fputc
    printf6.o(i.__0vprintf$6) refers to printf6.o(i._printf_core) for _printf_core
    printf6.o(i.__0vprintf$6) refers to sys_usart.o(i.fputc) for fputc
    printf6.o(i.__0vprintf$6) refers to sys_usart.o(.data) for __stdout
    printf6.o(i.__0vsnprintf$6) refers to printf6.o(i._printf_core) for _printf_core
    printf6.o(i.__0vsnprintf$6) refers to printf6.o(i._snputc) for _snputc
    printf6.o(i.__0vsprintf$6) refers to printf6.o(i._printf_core) for _printf_core
    printf6.o(i.__0vsprintf$6) refers to printf6.o(i._sputc) for _sputc
    printf6.o(i._printf_core) refers to printf6.o(i._printf_pre_padding) for _printf_pre_padding
    printf6.o(i._printf_core) refers to uidiv.o(.text) for __aeabi_uidivmod
    printf6.o(i._printf_core) refers to printf6.o(i._printf_post_padding) for _printf_post_padding
    printf7.o(i.__0fprintf$7) refers to printf7.o(i._printf_core) for _printf_core
    printf7.o(i.__0fprintf$7) refers to sys_usart.o(i.fputc) for fputc
    printf7.o(i.__0printf$7) refers to printf7.o(i._printf_core) for _printf_core
    printf7.o(i.__0printf$7) refers to sys_usart.o(i.fputc) for fputc
    printf7.o(i.__0printf$7) refers to sys_usart.o(.data) for __stdout
    printf7.o(i.__0snprintf$7) refers to printf7.o(i._printf_core) for _printf_core
    printf7.o(i.__0snprintf$7) refers to printf7.o(i._snputc) for _snputc
    printf7.o(i.__0sprintf$7) refers to printf7.o(i._printf_core) for _printf_core
    printf7.o(i.__0sprintf$7) refers to printf7.o(i._sputc) for _sputc
    printf7.o(i.__0vfprintf$7) refers to printf7.o(i._printf_core) for _printf_core
    printf7.o(i.__0vfprintf$7) refers to sys_usart.o(i.fputc) for fputc
    printf7.o(i.__0vprintf$7) refers to printf7.o(i._printf_core) for _printf_core
    printf7.o(i.__0vprintf$7) refers to sys_usart.o(i.fputc) for fputc
    printf7.o(i.__0vprintf$7) refers to sys_usart.o(.data) for __stdout
    printf7.o(i.__0vsnprintf$7) refers to printf7.o(i._printf_core) for _printf_core
    printf7.o(i.__0vsnprintf$7) refers to printf7.o(i._snputc) for _snputc
    printf7.o(i.__0vsprintf$7) refers to printf7.o(i._printf_core) for _printf_core
    printf7.o(i.__0vsprintf$7) refers to printf7.o(i._sputc) for _sputc
    printf7.o(i._printf_core) refers to printf7.o(i._printf_pre_padding) for _printf_pre_padding
    printf7.o(i._printf_core) refers to uldiv.o(.text) for __aeabi_uldivmod
    printf7.o(i._printf_core) refers to printf7.o(i._printf_post_padding) for _printf_post_padding
    printf8.o(i.__0fprintf$8) refers to printf8.o(i._printf_core) for _printf_core
    printf8.o(i.__0fprintf$8) refers to sys_usart.o(i.fputc) for fputc
    printf8.o(i.__0printf$8) refers to printf8.o(i._printf_core) for _printf_core
    printf8.o(i.__0printf$8) refers to sys_usart.o(i.fputc) for fputc
    printf8.o(i.__0printf$8) refers to sys_usart.o(.data) for __stdout
    printf8.o(i.__0snprintf$8) refers to printf8.o(i._printf_core) for _printf_core
    printf8.o(i.__0snprintf$8) refers to printf8.o(i._snputc) for _snputc
    printf8.o(i.__0sprintf$8) refers to printf8.o(i._printf_core) for _printf_core
    printf8.o(i.__0sprintf$8) refers to printf8.o(i._sputc) for _sputc
    printf8.o(i.__0vfprintf$8) refers to printf8.o(i._printf_core) for _printf_core
    printf8.o(i.__0vfprintf$8) refers to sys_usart.o(i.fputc) for fputc
    printf8.o(i.__0vprintf$8) refers to printf8.o(i._printf_core) for _printf_core
    printf8.o(i.__0vprintf$8) refers to sys_usart.o(i.fputc) for fputc
    printf8.o(i.__0vprintf$8) refers to sys_usart.o(.data) for __stdout
    printf8.o(i.__0vsnprintf$8) refers to printf8.o(i._printf_core) for _printf_core
    printf8.o(i.__0vsnprintf$8) refers to printf8.o(i._snputc) for _snputc
    printf8.o(i.__0vsprintf$8) refers to printf8.o(i._printf_core) for _printf_core
    printf8.o(i.__0vsprintf$8) refers to printf8.o(i._sputc) for _sputc
    printf8.o(i._printf_core) refers to printf8.o(i._printf_pre_padding) for _printf_pre_padding
    printf8.o(i._printf_core) refers to uldiv.o(.text) for __aeabi_uldivmod
    printf8.o(i._printf_core) refers to printf8.o(i._printf_post_padding) for _printf_post_padding
    printfa.o(i.__0fprintf) refers (Special) to iusefp.o(.text) for __I$use$fp
    printfa.o(i.__0fprintf) refers to printfa.o(i._printf_core) for _printf_core
    printfa.o(i.__0fprintf) refers to sys_usart.o(i.fputc) for fputc
    printfa.o(i.__0printf) refers (Special) to iusefp.o(.text) for __I$use$fp
    printfa.o(i.__0printf) refers to printfa.o(i._printf_core) for _printf_core
    printfa.o(i.__0printf) refers to sys_usart.o(i.fputc) for fputc
    printfa.o(i.__0printf) refers to sys_usart.o(.data) for __stdout
    printfa.o(i.__0snprintf) refers (Special) to iusefp.o(.text) for __I$use$fp
    printfa.o(i.__0snprintf) refers to printfa.o(i._printf_core) for _printf_core
    printfa.o(i.__0snprintf) refers to printfa.o(i._snputc) for _snputc
    printfa.o(i.__0sprintf) refers (Special) to iusefp.o(.text) for __I$use$fp
    printfa.o(i.__0sprintf) refers to printfa.o(i._printf_core) for _printf_core
    printfa.o(i.__0sprintf) refers to printfa.o(i._sputc) for _sputc
    printfa.o(i.__0vfprintf) refers (Special) to iusefp.o(.text) for __I$use$fp
    printfa.o(i.__0vfprintf) refers to printfa.o(i._printf_core) for _printf_core
    printfa.o(i.__0vfprintf) refers to sys_usart.o(i.fputc) for fputc
    printfa.o(i.__0vprintf) refers (Special) to iusefp.o(.text) for __I$use$fp
    printfa.o(i.__0vprintf) refers to printfa.o(i._printf_core) for _printf_core
    printfa.o(i.__0vprintf) refers to sys_usart.o(i.fputc) for fputc
    printfa.o(i.__0vprintf) refers to sys_usart.o(.data) for __stdout
    printfa.o(i.__0vsnprintf) refers (Special) to iusefp.o(.text) for __I$use$fp
    printfa.o(i.__0vsnprintf) refers to printfa.o(i._printf_core) for _printf_core
    printfa.o(i.__0vsnprintf) refers to printfa.o(i._snputc) for _snputc
    printfa.o(i.__0vsprintf) refers (Special) to iusefp.o(.text) for __I$use$fp
    printfa.o(i.__0vsprintf) refers to printfa.o(i._printf_core) for _printf_core
    printfa.o(i.__0vsprintf) refers to printfa.o(i._sputc) for _sputc
    printfa.o(i._fp_digits) refers (Special) to iusefp.o(.text) for __I$use$fp
    printfa.o(i._fp_digits) refers to dmul.o(.text) for __aeabi_dmul
    printfa.o(i._fp_digits) refers to ddiv.o(.text) for __aeabi_ddiv
    printfa.o(i._fp_digits) refers to cdrcmple.o(.text) for __aeabi_cdrcmple
    printfa.o(i._fp_digits) refers to dadd.o(.text) for __aeabi_dadd
    printfa.o(i._fp_digits) refers to dfixul.o(.text) for __aeabi_d2ulz
    printfa.o(i._fp_digits) refers to uldiv.o(.text) for __aeabi_uldivmod
    printfa.o(i._printf_core) refers (Special) to iusefp.o(.text) for __I$use$fp
    printfa.o(i._printf_core) refers to printfa.o(i._printf_pre_padding) for _printf_pre_padding
    printfa.o(i._printf_core) refers to uldiv.o(.text) for __aeabi_uldivmod
    printfa.o(i._printf_core) refers to printfa.o(i._printf_post_padding) for _printf_post_padding
    printfa.o(i._printf_core) refers to printfa.o(i._fp_digits) for _fp_digits
    printfa.o(i._printf_core) refers to uidiv.o(.text) for __aeabi_uidivmod
    printfa.o(i._printf_post_padding) refers (Special) to iusefp.o(.text) for __I$use$fp
    printfa.o(i._printf_pre_padding) refers (Special) to iusefp.o(.text) for __I$use$fp
    printfa.o(i._snputc) refers (Special) to iusefp.o(.text) for __I$use$fp
    printfa.o(i._sputc) refers (Special) to iusefp.o(.text) for __I$use$fp
    dadd.o(.text) refers (Special) to iusefp.o(.text) for __I$use$fp
    dadd.o(.text) refers to llshl.o(.text) for __aeabi_llsl
    dadd.o(.text) refers to llsshr.o(.text) for __aeabi_lasr
    dadd.o(.text) refers to depilogue.o(.text) for _double_epilogue
    dmul.o(.text) refers (Special) to iusefp.o(.text) for __I$use$fp
    dmul.o(.text) refers to depilogue.o(.text) for _double_epilogue
    ddiv.o(.text) refers (Special) to iusefp.o(.text) for __I$use$fp
    ddiv.o(.text) refers to depilogue.o(.text) for _double_round
    ffltui.o(.text) refers (Special) to iusefp.o(.text) for __I$use$fp
    ffltui.o(.text) refers to fepilogue.o(.text) for _float_epilogue
    ffltl.o(.text) refers (Special) to iusefp.o(.text) for __I$use$fp
    ffltl.o(.text) refers to fepilogue.o(.text) for _float_epilogue
    dfltui.o(.text) refers (Special) to iusefp.o(.text) for __I$use$fp
    dfltui.o(.text) refers to depilogue.o(.text) for _double_epilogue
    dfltl.o(.text) refers (Special) to iusefp.o(.text) for __I$use$fp
    dfltl.o(.text) refers to depilogue.o(.text) for _double_epilogue
    dfixl.o(.text) refers (Special) to iusefp.o(.text) for __I$use$fp
    dfixl.o(.text) refers to llushr.o(.text) for __aeabi_llsr
    dfixl.o(.text) refers to llshl.o(.text) for __aeabi_llsl
    f2d.o(.text) refers (Special) to iusefp.o(.text) for __I$use$fp
    d2f.o(.text) refers (Special) to iusefp.o(.text) for __I$use$fp
    d2f.o(.text) refers to fepilogue.o(.text) for _float_round
    entry2.o(.ARM.Collect$$$$00000001) refers to entry2.o(.ARM.Collect$$$$00002712) for __lit__00000000
    entry2.o(.ARM.Collect$$$$00002712) refers to startup_stm32f10x_hd.o(STACK) for __initial_sp
    entry2.o(__vectab_stack_and_reset_area) refers to startup_stm32f10x_hd.o(STACK) for __initial_sp
    entry2.o(__vectab_stack_and_reset_area) refers to entry.o(.ARM.Collect$$$$00000000) for __main
    entry5.o(.ARM.Collect$$$$00000004) refers to init.o(.text) for __scatterload
    entry9a.o(.ARM.Collect$$$$0000000B) refers to main.o(i.main) for main
    entry9b.o(.ARM.Collect$$$$0000000C) refers to main.o(i.main) for main
    uldiv.o(.text) refers to llushr.o(.text) for __aeabi_llsr
    uldiv.o(.text) refers to llshl.o(.text) for __aeabi_llsl
    depilogue.o(.text) refers to llshl.o(.text) for __aeabi_llsl
    depilogue.o(.text) refers to llushr.o(.text) for __aeabi_llsr
    dfixul.o(.text) refers to llushr.o(.text) for __aeabi_llsr
    dfixul.o(.text) refers to llshl.o(.text) for __aeabi_llsl
    init.o(.text) refers to entry5.o(.ARM.Collect$$$$00000004) for __main_after_scatterload


==============================================================================

Removing Unused input sections from the image.

    Removing core_cm3.o(.emb_text), (32 bytes).
    Removing system_stm32f10x.o(i.SystemCoreClockUpdate), (164 bytes).
    Removing system_stm32f10x.o(.data), (32 bytes).
    Removing stm32f10x_gpio.o(i.GPIO_AFIODeInit), (20 bytes).
    Removing stm32f10x_gpio.o(i.GPIO_DeInit), (200 bytes).
    Removing stm32f10x_gpio.o(i.GPIO_ETH_MediaInterfaceConfig), (12 bytes).
    Removing stm32f10x_gpio.o(i.GPIO_EXTILineConfig), (64 bytes).
    Removing stm32f10x_gpio.o(i.GPIO_EventOutputCmd), (12 bytes).
    Removing stm32f10x_gpio.o(i.GPIO_EventOutputConfig), (32 bytes).
    Removing stm32f10x_gpio.o(i.GPIO_PinLockConfig), (18 bytes).
    Removing stm32f10x_gpio.o(i.GPIO_PinRemapConfig), (144 bytes).
    Removing stm32f10x_gpio.o(i.GPIO_ReadInputData), (8 bytes).
    Removing stm32f10x_gpio.o(i.GPIO_ReadOutputData), (8 bytes).
    Removing stm32f10x_gpio.o(i.GPIO_ReadOutputDataBit), (18 bytes).
    Removing stm32f10x_gpio.o(i.GPIO_StructInit), (16 bytes).
    Removing stm32f10x_gpio.o(i.GPIO_Write), (4 bytes).
    Removing stm32f10x_gpio.o(i.GPIO_WriteBit), (10 bytes).
    Removing stm32f10x_gpio.o(.data), (10 bytes).
    Removing stm32f10x_rcc.o(i.RCC_ADCCLKConfig), (24 bytes).
    Removing stm32f10x_rcc.o(i.RCC_AHBPeriphClockCmd), (32 bytes).
    Removing stm32f10x_rcc.o(i.RCC_APB1PeriphClockCmd), (32 bytes).
    Removing stm32f10x_rcc.o(i.RCC_AdjustHSICalibrationValue), (24 bytes).
    Removing stm32f10x_rcc.o(i.RCC_BackupResetCmd), (12 bytes).
    Removing stm32f10x_rcc.o(i.RCC_ClearFlag), (20 bytes).
    Removing stm32f10x_rcc.o(i.RCC_ClearITPendingBit), (12 bytes).
    Removing stm32f10x_rcc.o(i.RCC_ClockSecuritySystemCmd), (12 bytes).
    Removing stm32f10x_rcc.o(i.RCC_DeInit), (76 bytes).
    Removing stm32f10x_rcc.o(i.RCC_GetFlagStatus), (60 bytes).
    Removing stm32f10x_rcc.o(i.RCC_GetITStatus), (24 bytes).
    Removing stm32f10x_rcc.o(i.RCC_GetSYSCLKSource), (16 bytes).
    Removing stm32f10x_rcc.o(i.RCC_HCLKConfig), (24 bytes).
    Removing stm32f10x_rcc.o(i.RCC_HSEConfig), (76 bytes).
    Removing stm32f10x_rcc.o(i.RCC_HSICmd), (12 bytes).
    Removing stm32f10x_rcc.o(i.RCC_ITConfig), (32 bytes).
    Removing stm32f10x_rcc.o(i.RCC_LSEConfig), (52 bytes).
    Removing stm32f10x_rcc.o(i.RCC_LSICmd), (12 bytes).
    Removing stm32f10x_rcc.o(i.RCC_MCOConfig), (12 bytes).
    Removing stm32f10x_rcc.o(i.RCC_PCLK1Config), (24 bytes).
    Removing stm32f10x_rcc.o(i.RCC_PCLK2Config), (24 bytes).
    Removing stm32f10x_rcc.o(i.RCC_PLLCmd), (12 bytes).
    Removing stm32f10x_rcc.o(i.RCC_PLLConfig), (28 bytes).
    Removing stm32f10x_rcc.o(i.RCC_RTCCLKCmd), (12 bytes).
    Removing stm32f10x_rcc.o(i.RCC_RTCCLKConfig), (16 bytes).
    Removing stm32f10x_rcc.o(i.RCC_SYSCLKConfig), (24 bytes).
    Removing stm32f10x_rcc.o(i.RCC_USBCLKConfig), (12 bytes).
    Removing stm32f10x_rcc.o(i.RCC_WaitForHSEStartUp), (56 bytes).
    Removing stm32f10x_usart.o(i.USART_ClearFlag), (18 bytes).
    Removing stm32f10x_usart.o(i.USART_ClearITPendingBit), (30 bytes).
    Removing stm32f10x_usart.o(i.USART_ClockInit), (34 bytes).
    Removing stm32f10x_usart.o(i.USART_ClockStructInit), (12 bytes).
    Removing stm32f10x_usart.o(i.USART_DMACmd), (18 bytes).
    Removing stm32f10x_usart.o(i.USART_GetFlagStatus), (26 bytes).
    Removing stm32f10x_usart.o(i.USART_GetITStatus), (84 bytes).
    Removing stm32f10x_usart.o(i.USART_HalfDuplexCmd), (24 bytes).
    Removing stm32f10x_usart.o(i.USART_IrDACmd), (24 bytes).
    Removing stm32f10x_usart.o(i.USART_IrDAConfig), (18 bytes).
    Removing stm32f10x_usart.o(i.USART_LINBreakDetectLengthConfig), (18 bytes).
    Removing stm32f10x_usart.o(i.USART_LINCmd), (24 bytes).
    Removing stm32f10x_usart.o(i.USART_OneBitMethodCmd), (24 bytes).
    Removing stm32f10x_usart.o(i.USART_OverSampling8Cmd), (22 bytes).
    Removing stm32f10x_usart.o(i.USART_ReceiveData), (10 bytes).
    Removing stm32f10x_usart.o(i.USART_ReceiverWakeUpCmd), (24 bytes).
    Removing stm32f10x_usart.o(i.USART_SendBreak), (10 bytes).
    Removing stm32f10x_usart.o(i.USART_SendData), (8 bytes).
    Removing stm32f10x_usart.o(i.USART_SetAddress), (18 bytes).
    Removing stm32f10x_usart.o(i.USART_SetGuardTime), (16 bytes).
    Removing stm32f10x_usart.o(i.USART_SetPrescaler), (16 bytes).
    Removing stm32f10x_usart.o(i.USART_SmartCardCmd), (24 bytes).
    Removing stm32f10x_usart.o(i.USART_SmartCardNACKCmd), (24 bytes).
    Removing stm32f10x_usart.o(i.USART_StructInit), (24 bytes).
    Removing stm32f10x_usart.o(i.USART_WakeUpConfig), (18 bytes).
    Removing stm32f10x_usart.o(.data), (10 bytes).
    Removing misc.o(i.NVIC_PriorityGroupConfig), (20 bytes).
    Removing misc.o(i.NVIC_SetVectorTable), (20 bytes).
    Removing misc.o(i.NVIC_SystemLPConfig), (32 bytes).
    Removing misc.o(.data), (10 bytes).
    Removing stm32f10x_spi.o(i.I2S_Cmd), (24 bytes).
    Removing stm32f10x_spi.o(i.I2S_Init), (232 bytes).
    Removing stm32f10x_spi.o(i.I2S_StructInit), (20 bytes).
    Removing stm32f10x_spi.o(i.SPI_BiDirectionalLineConfig), (28 bytes).
    Removing stm32f10x_spi.o(i.SPI_CalculateCRC), (24 bytes).
    Removing stm32f10x_spi.o(i.SPI_Cmd), (24 bytes).
    Removing stm32f10x_spi.o(i.SPI_DataSizeConfig), (18 bytes).
    Removing stm32f10x_spi.o(i.SPI_GetCRC), (16 bytes).
    Removing stm32f10x_spi.o(i.SPI_GetCRCPolynomial), (6 bytes).
    Removing stm32f10x_spi.o(i.SPI_I2S_ClearFlag), (6 bytes).
    Removing stm32f10x_spi.o(i.SPI_I2S_ClearITPendingBit), (20 bytes).
    Removing stm32f10x_spi.o(i.SPI_I2S_DMACmd), (18 bytes).
    Removing stm32f10x_spi.o(i.SPI_I2S_DeInit), (88 bytes).
    Removing stm32f10x_spi.o(i.SPI_I2S_GetFlagStatus), (18 bytes).
    Removing stm32f10x_spi.o(i.SPI_I2S_GetITStatus), (52 bytes).
    Removing stm32f10x_spi.o(i.SPI_I2S_ITConfig), (32 bytes).
    Removing stm32f10x_spi.o(i.SPI_I2S_ReceiveData), (6 bytes).
    Removing stm32f10x_spi.o(i.SPI_I2S_SendData), (4 bytes).
    Removing stm32f10x_spi.o(i.SPI_Init), (60 bytes).
    Removing stm32f10x_spi.o(i.SPI_NSSInternalSoftwareConfig), (30 bytes).
    Removing stm32f10x_spi.o(i.SPI_SSOutputCmd), (24 bytes).
    Removing stm32f10x_spi.o(i.SPI_StructInit), (24 bytes).
    Removing stm32f10x_spi.o(i.SPI_TransmitCRC), (10 bytes).
    Removing stm32f10x_spi.o(.data), (10 bytes).
    Removing stm32f10x_exti.o(i.EXTI_ClearFlag), (12 bytes).
    Removing stm32f10x_exti.o(i.EXTI_ClearITPendingBit), (12 bytes).
    Removing stm32f10x_exti.o(i.EXTI_DeInit), (36 bytes).
    Removing stm32f10x_exti.o(i.EXTI_GenerateSWInterrupt), (16 bytes).
    Removing stm32f10x_exti.o(i.EXTI_GetFlagStatus), (24 bytes).
    Removing stm32f10x_exti.o(i.EXTI_GetITStatus), (40 bytes).
    Removing stm32f10x_exti.o(i.EXTI_Init), (148 bytes).
    Removing stm32f10x_exti.o(i.EXTI_StructInit), (16 bytes).
    Removing stm32f10x_exti.o(.data), (10 bytes).
    Removing startup_stm32f10x_hd.o(HEAP), (512 bytes).
    Removing main.o(.bss), (64 bytes).
    Removing mcu_i2c.o(.data), (10 bytes).
    Removing oledx.o(i.OLED_DisPlay_Off), (28 bytes).
    Removing oledx.o(i.OLED_DisPlay_On), (28 bytes).
    Removing oledx.o(i.OLED_DrawCircle), (168 bytes).
    Removing oledx.o(i.OLED_DrawLine), (172 bytes).
    Removing oledx.o(i.OLED_ScrollDisplay), (172 bytes).
    Removing oledx.o(.data), (10 bytes).
    Removing mcu_spi.o(.data), (10 bytes).
    Removing nrf24l01.o(i.nRF24L01_RxData), (108 bytes).
    Removing sysled.o(.data), (10 bytes).
    Removing syskey.o(.data), (10 bytes).
    Removing sys_usart.o(i.UART4_GetBuffer), (56 bytes).
    Removing sys_usart.o(i.UART4_Init), (268 bytes).
    Removing sys_usart.o(i.UART4_SendData), (72 bytes).
    Removing sys_usart.o(i.UART4_printf), (34 bytes).
    Removing sys_usart.o(i.UART5_GetBuffer), (56 bytes).
    Removing sys_usart.o(i.UART5_Init), (268 bytes).
    Removing sys_usart.o(i.UART5_SendData), (72 bytes).
    Removing sys_usart.o(i.UART5_printf), (34 bytes).
    Removing sys_usart.o(i.USART1_GetBuffer), (48 bytes).
    Removing sys_usart.o(i.USART1_printfForDMA), (184 bytes).
    Removing sys_usart.o(i.USART2_GetBuffer), (56 bytes).
    Removing sys_usart.o(i.USART2_Init), (260 bytes).
    Removing sys_usart.o(i.USART2_SendData), (72 bytes).
    Removing sys_usart.o(i.USART2_printf), (34 bytes).
    Removing sys_usart.o(i.USART3_GetBuffer), (56 bytes).
    Removing sys_usart.o(i.USART3_Init), (268 bytes).
    Removing sys_usart.o(i.USART3_SendData), (72 bytes).
    Removing sys_usart.o(i.USART3_printf), (34 bytes).
    Removing sys_usart.o(i._sys_exit), (4 bytes).
    Removing esp8266.o(i.ESP2866_UserConfig), (2 bytes).
    Removing esp8266.o(.data), (10 bytes).
    Removing sht3x.o(i.Make_Word), (12 bytes).
    Removing sht3x.o(i.SHT3x_Calculate_Crc8), (60 bytes).
    Removing sht3x.o(i.SHT3x_Read_Temp_Humidity), (336 bytes).
    Removing ffltl.o(.text), (44 bytes).
    Removing dfltl.o(.text), (40 bytes).
    Removing dfixl.o(.text), (74 bytes).

149 unused section(s) (total 7172 bytes) removed from the image.

==============================================================================

Image Symbol Table

    Local Symbols

    Symbol Name                              Value     Ov Type        Size  Object(Section)

    ../clib/../cmprslib/zerorunl2.c          0x00000000   Number         0  __dczerorl2.o ABSOLUTE
    ../clib/microlib/division.c              0x00000000   Number         0  uldiv.o ABSOLUTE
    ../clib/microlib/division.c              0x00000000   Number         0  uidiv.o ABSOLUTE
    ../clib/microlib/init/entry.s            0x00000000   Number         0  entry7a.o ABSOLUTE
    ../clib/microlib/init/entry.s            0x00000000   Number         0  entry12a.o ABSOLUTE
    ../clib/microlib/init/entry.s            0x00000000   Number         0  entry8b.o ABSOLUTE
    ../clib/microlib/init/entry.s            0x00000000   Number         0  entry8a.o ABSOLUTE
    ../clib/microlib/init/entry.s            0x00000000   Number         0  entry11b.o ABSOLUTE
    ../clib/microlib/init/entry.s            0x00000000   Number         0  entry11a.o ABSOLUTE
    ../clib/microlib/init/entry.s            0x00000000   Number         0  entry10b.o ABSOLUTE
    ../clib/microlib/init/entry.s            0x00000000   Number         0  entry7b.o ABSOLUTE
    ../clib/microlib/init/entry.s            0x00000000   Number         0  entry10a.o ABSOLUTE
    ../clib/microlib/init/entry.s            0x00000000   Number         0  entry9b.o ABSOLUTE
    ../clib/microlib/init/entry.s            0x00000000   Number         0  entry5.o ABSOLUTE
    ../clib/microlib/init/entry.s            0x00000000   Number         0  entry9a.o ABSOLUTE
    ../clib/microlib/init/entry.s            0x00000000   Number         0  entry12b.o ABSOLUTE
    ../clib/microlib/init/entry.s            0x00000000   Number         0  entry2.o ABSOLUTE
    ../clib/microlib/init/entry.s            0x00000000   Number         0  entry.o ABSOLUTE
    ../clib/microlib/longlong.c              0x00000000   Number         0  llshl.o ABSOLUTE
    ../clib/microlib/longlong.c              0x00000000   Number         0  llushr.o ABSOLUTE
    ../clib/microlib/longlong.c              0x00000000   Number         0  llsshr.o ABSOLUTE
    ../clib/microlib/printf/printf.c         0x00000000   Number         0  printf8.o ABSOLUTE
    ../clib/microlib/printf/printf.c         0x00000000   Number         0  printf7.o ABSOLUTE
    ../clib/microlib/printf/printf.c         0x00000000   Number         0  printfb.o ABSOLUTE
    ../clib/microlib/printf/printf.c         0x00000000   Number         0  printf0.o ABSOLUTE
    ../clib/microlib/printf/printf.c         0x00000000   Number         0  printf1.o ABSOLUTE
    ../clib/microlib/printf/printf.c         0x00000000   Number         0  printf5.o ABSOLUTE
    ../clib/microlib/printf/printf.c         0x00000000   Number         0  printf3.o ABSOLUTE
    ../clib/microlib/printf/printf.c         0x00000000   Number         0  printf4.o ABSOLUTE
    ../clib/microlib/printf/printf.c         0x00000000   Number         0  printfa.o ABSOLUTE
    ../clib/microlib/printf/printf.c         0x00000000   Number         0  printf6.o ABSOLUTE
    ../clib/microlib/printf/printf.c         0x00000000   Number         0  printf2.o ABSOLUTE
    ../clib/microlib/printf/stubs.s          0x00000000   Number         0  stubs.o ABSOLUTE
    ../clib/microlib/string/memcpy.c         0x00000000   Number         0  memcpya.o ABSOLUTE
    ../clib/microlib/string/memcpy.c         0x00000000   Number         0  memcpyb.o ABSOLUTE
    ../clib/microlib/string/memset.c         0x00000000   Number         0  memseta.o ABSOLUTE
    ../clib/microlib/stubs.s                 0x00000000   Number         0  iusefp.o ABSOLUTE
    ../clib/microlib/stubs.s                 0x00000000   Number         0  useno.o ABSOLUTE
    ../fplib/microlib/d2f.c                  0x00000000   Number         0  d2f.o ABSOLUTE
    ../fplib/microlib/f2d.c                  0x00000000   Number         0  f2d.o ABSOLUTE
    ../fplib/microlib/fpadd.c                0x00000000   Number         0  dadd.o ABSOLUTE
    ../fplib/microlib/fpdiv.c                0x00000000   Number         0  ddiv.o ABSOLUTE
    ../fplib/microlib/fpepilogue.c           0x00000000   Number         0  depilogue.o ABSOLUTE
    ../fplib/microlib/fpepilogue.c           0x00000000   Number         0  fepilogue.o ABSOLUTE
    ../fplib/microlib/fpfix.c                0x00000000   Number         0  dfixl.o ABSOLUTE
    ../fplib/microlib/fpfix.c                0x00000000   Number         0  dfixul.o ABSOLUTE
    ../fplib/microlib/fpflt.c                0x00000000   Number         0  ffltui.o ABSOLUTE
    ../fplib/microlib/fpflt.c                0x00000000   Number         0  dfltl.o ABSOLUTE
    ../fplib/microlib/fpflt.c                0x00000000   Number         0  dfltui.o ABSOLUTE
    ../fplib/microlib/fpflt.c                0x00000000   Number         0  ffltl.o ABSOLUTE
    ../fplib/microlib/fpmul.c                0x00000000   Number         0  dmul.o ABSOLUTE
    ..\CMSIS\core_cm3.c                      0x00000000   Number         0  core_cm3.o ABSOLUTE
    ..\CMSIS\system_stm32f10x.c              0x00000000   Number         0  system_stm32f10x.o ABSOLUTE
    ..\FWLIB\src\misc.c                      0x00000000   Number         0  misc.o ABSOLUTE
    ..\FWLIB\src\stm32f10x_exti.c            0x00000000   Number         0  stm32f10x_exti.o ABSOLUTE
    ..\FWLIB\src\stm32f10x_gpio.c            0x00000000   Number         0  stm32f10x_gpio.o ABSOLUTE
    ..\FWLIB\src\stm32f10x_rcc.c             0x00000000   Number         0  stm32f10x_rcc.o ABSOLUTE
    ..\FWLIB\src\stm32f10x_spi.c             0x00000000   Number         0  stm32f10x_spi.o ABSOLUTE
    ..\FWLIB\src\stm32f10x_usart.c           0x00000000   Number         0  stm32f10x_usart.o ABSOLUTE
    ..\STARTUP\startup_stm32f10x_hd.s        0x00000000   Number         0  startup_stm32f10x_hd.o ABSOLUTE
    ..\UserSRC\OLEDx.c                       0x00000000   Number         0  oledx.o ABSOLUTE
    ..\UserSRC\esp8266.c                     0x00000000   Number         0  esp8266.o ABSOLUTE
    ..\UserSRC\main.c                        0x00000000   Number         0  main.o ABSOLUTE
    ..\UserSRC\mcu_delay.c                   0x00000000   Number         0  mcu_delay.o ABSOLUTE
    ..\UserSRC\mcu_i2c.c                     0x00000000   Number         0  mcu_i2c.o ABSOLUTE
    ..\UserSRC\mcu_spi.c                     0x00000000   Number         0  mcu_spi.o ABSOLUTE
    ..\UserSRC\nrf24l01.c                    0x00000000   Number         0  nrf24l01.o ABSOLUTE
    ..\UserSRC\sgp30.c                       0x00000000   Number         0  sgp30.o ABSOLUTE
    ..\UserSRC\sht3x.c                       0x00000000   Number         0  sht3x.o ABSOLUTE
    ..\UserSRC\sys_usart.c                   0x00000000   Number         0  sys_usart.o ABSOLUTE
    ..\UserSRC\syskey.c                      0x00000000   Number         0  syskey.o ABSOLUTE
    ..\UserSRC\sysled.c                      0x00000000   Number         0  sysled.o ABSOLUTE
    ..\\CMSIS\\core_cm3.c                    0x00000000   Number         0  core_cm3.o ABSOLUTE
    cdrcmple.s                               0x00000000   Number         0  cdrcmple.o ABSOLUTE
    dc.s                                     0x00000000   Number         0  dc.o ABSOLUTE
    handlers.s                               0x00000000   Number         0  handlers.o ABSOLUTE
    init.s                                   0x00000000   Number         0  init.o ABSOLUTE
    RESET                                    0x08000000   Section      304  startup_stm32f10x_hd.o(RESET)
    .ARM.Collect$$$$00000000                 0x08000130   Section        0  entry.o(.ARM.Collect$$$$00000000)
    .ARM.Collect$$$$00000001                 0x08000130   Section        4  entry2.o(.ARM.Collect$$$$00000001)
    .ARM.Collect$$$$00000004                 0x08000134   Section        4  entry5.o(.ARM.Collect$$$$00000004)
    .ARM.Collect$$$$00000008                 0x08000138   Section        0  entry7b.o(.ARM.Collect$$$$00000008)
    .ARM.Collect$$$$0000000A                 0x08000138   Section        0  entry8b.o(.ARM.Collect$$$$0000000A)
    .ARM.Collect$$$$0000000B                 0x08000138   Section        8  entry9a.o(.ARM.Collect$$$$0000000B)
    .ARM.Collect$$$$0000000E                 0x08000140   Section        4  entry12b.o(.ARM.Collect$$$$0000000E)
    .ARM.Collect$$$$0000000F                 0x08000144   Section        0  entry10a.o(.ARM.Collect$$$$0000000F)
    .ARM.Collect$$$$00000011                 0x08000144   Section        0  entry11a.o(.ARM.Collect$$$$00000011)
    .ARM.Collect$$$$00002712                 0x08000144   Section        4  entry2.o(.ARM.Collect$$$$00002712)
    __lit__00000000                          0x08000144   Data           4  entry2.o(.ARM.Collect$$$$00002712)
    .text                                    0x08000148   Section       36  startup_stm32f10x_hd.o(.text)
    .text                                    0x0800016c   Section        0  memcpya.o(.text)
    .text                                    0x08000190   Section        0  memseta.o(.text)
    .text                                    0x080001b4   Section        0  dadd.o(.text)
    .text                                    0x08000302   Section        0  dmul.o(.text)
    .text                                    0x080003e6   Section        0  ddiv.o(.text)
    .text                                    0x080004c4   Section        0  ffltui.o(.text)
    .text                                    0x080004ce   Section        0  dfltui.o(.text)
    .text                                    0x080004e8   Section        0  f2d.o(.text)
    .text                                    0x0800050e   Section        0  d2f.o(.text)
    .text                                    0x08000546   Section        0  uidiv.o(.text)
    .text                                    0x08000572   Section        0  uldiv.o(.text)
    .text                                    0x080005d4   Section        0  llshl.o(.text)
    .text                                    0x080005f2   Section        0  llushr.o(.text)
    .text                                    0x08000612   Section        0  llsshr.o(.text)
    .text                                    0x08000636   Section        0  fepilogue.o(.text)
    .text                                    0x08000636   Section        0  iusefp.o(.text)
    .text                                    0x080006a4   Section        0  depilogue.o(.text)
    .text                                    0x0800075e   Section        0  dfixul.o(.text)
    .text                                    0x08000790   Section       48  cdrcmple.o(.text)
    .text                                    0x080007c0   Section       36  init.o(.text)
    .text                                    0x080007e4   Section        0  __dczerorl2.o(.text)
    i.CRC8                                   0x0800083a   Section        0  sht3x.o(i.CRC8)
    i.CheckCrc8                              0x08000874   Section        0  sgp30.o(i.CheckCrc8)
    i.CheckHardwareConnection                0x080008b4   Section        0  nrf24l01.o(i.CheckHardwareConnection)
    i.Delay_Init                             0x08000980   Section        0  mcu_delay.o(i.Delay_Init)
    i.GPIO_Init                              0x080009bc   Section        0  stm32f10x_gpio.o(i.GPIO_Init)
    i.GPIO_ReadInputDataBit                  0x08000ad2   Section        0  stm32f10x_gpio.o(i.GPIO_ReadInputDataBit)
    i.GPIO_ResetBits                         0x08000ae4   Section        0  stm32f10x_gpio.o(i.GPIO_ResetBits)
    i.GPIO_SetBits                           0x08000ae8   Section        0  stm32f10x_gpio.o(i.GPIO_SetBits)
    i.GSP30_Get_Dat                          0x08000aec   Section        0  sgp30.o(i.GSP30_Get_Dat)
    i.GSP30_Multiple_Read_Byte               0x08000ba0   Section        0  sgp30.o(i.GSP30_Multiple_Read_Byte)
    i.I2C_SDA_Mode                           0x08000bec   Section        0  mcu_i2c.o(i.I2C_SDA_Mode)
    i.KEY_UserConfig                         0x08000c30   Section        0  syskey.o(i.KEY_UserConfig)
    i.MCU_I2C_Read                           0x08000c7c   Section        0  mcu_i2c.o(i.MCU_I2C_Read)
    i.MCU_I2C_Send_Ack                       0x08000ccc   Section        0  mcu_i2c.o(i.MCU_I2C_Send_Ack)
    i.MCU_I2C_Start                          0x08000d0c   Section        0  mcu_i2c.o(i.MCU_I2C_Start)
    i.MCU_I2C_Stop                           0x08000d48   Section        0  mcu_i2c.o(i.MCU_I2C_Stop)
    i.MCU_I2C_UserConfig                     0x08000d7c   Section        0  mcu_i2c.o(i.MCU_I2C_UserConfig)
    i.MCU_I2C_Wait_Ack                       0x08000da8   Section        0  mcu_i2c.o(i.MCU_I2C_Wait_Ack)
    i.MCU_I2C_Write                          0x08000e1c   Section        0  mcu_i2c.o(i.MCU_I2C_Write)
    i.MCU_SPI_Read_Write                     0x08000e80   Section        0  mcu_spi.o(i.MCU_SPI_Read_Write)
    i.MCU_SPI_UserConfig                     0x08000edc   Section        0  mcu_spi.o(i.MCU_SPI_UserConfig)
    i.NVIC_Init                              0x08000f4c   Section        0  misc.o(i.NVIC_Init)
    i.OLED_Clear                             0x08000fbc   Section        0  oledx.o(i.OLED_Clear)
    i.OLED_ColorTurn                         0x08000fec   Section        0  oledx.o(i.OLED_ColorTurn)
    i.OLED_DisplayTurn                       0x08001008   Section        0  oledx.o(i.OLED_DisplayTurn)
    i.OLED_DrawPoint                         0x08001034   Section        0  oledx.o(i.OLED_DrawPoint)
    i.OLED_Init                              0x080010ac   Section        0  oledx.o(i.OLED_Init)
    i.OLED_Pow                               0x08001184   Section        0  oledx.o(i.OLED_Pow)
    i.OLED_Refresh                           0x0800119c   Section        0  oledx.o(i.OLED_Refresh)
    i.OLED_ShowChar                          0x08001204   Section        0  oledx.o(i.OLED_ShowChar)
    i.OLED_ShowChinese                       0x08001340   Section        0  oledx.o(i.OLED_ShowChinese)
    i.OLED_ShowNum                           0x08001444   Section        0  oledx.o(i.OLED_ShowNum)
    i.OLED_ShowPicture                       0x080014d0   Section        0  oledx.o(i.OLED_ShowPicture)
    i.OLED_ShowString                        0x080015a6   Section        0  oledx.o(i.OLED_ShowString)
    i.OLED_WR_Byte                           0x080015f0   Section        0  oledx.o(i.OLED_WR_Byte)
    i.RCC_APB1PeriphResetCmd                 0x08001628   Section        0  stm32f10x_rcc.o(i.RCC_APB1PeriphResetCmd)
    i.RCC_APB2PeriphClockCmd                 0x08001648   Section        0  stm32f10x_rcc.o(i.RCC_APB2PeriphClockCmd)
    i.RCC_APB2PeriphResetCmd                 0x08001668   Section        0  stm32f10x_rcc.o(i.RCC_APB2PeriphResetCmd)
    i.RCC_GetClocksFreq                      0x08001688   Section        0  stm32f10x_rcc.o(i.RCC_GetClocksFreq)
    i.SGP30_Init                             0x0800175c   Section        0  sgp30.o(i.SGP30_Init)
    i.SGP30_Write                            0x0800177a   Section        0  sgp30.o(i.SGP30_Write)
    i.SHT3x_Get_Dat                          0x080017b0   Section        0  sht3x.o(i.SHT3x_Get_Dat)
    i.SHT3x_Init                             0x080018f0   Section        0  sht3x.o(i.SHT3x_Init)
    i.SHT3x_Write_Byte                       0x08001912   Section        0  sht3x.o(i.SHT3x_Write_Byte)
    i.SetSysClock                            0x08001948   Section        0  system_stm32f10x.o(i.SetSysClock)
    SetSysClock                              0x08001949   Thumb Code     8  system_stm32f10x.o(i.SetSysClock)
    i.SetSysClockTo72                        0x08001950   Section        0  system_stm32f10x.o(i.SetSysClockTo72)
    SetSysClockTo72                          0x08001951   Thumb Code   214  system_stm32f10x.o(i.SetSysClockTo72)
    i.SysRuningstatusLED_Init                0x08001a30   Section        0  sysled.o(i.SysRuningstatusLED_Init)
    i.SysTick_CLKSourceConfig                0x08001ab0   Section        0  misc.o(i.SysTick_CLKSourceConfig)
    i.SystemInit                             0x08001ad8   Section        0  system_stm32f10x.o(i.SystemInit)
    i.UART4_IRQHandler                       0x08001b38   Section        0  sys_usart.o(i.UART4_IRQHandler)
    i.UART5_IRQHandler                       0x08001c0c   Section        0  sys_usart.o(i.UART5_IRQHandler)
    i.USART1_IRQHandler                      0x08001cd4   Section        0  sys_usart.o(i.USART1_IRQHandler)
    i.USART1_Init                            0x08001d9c   Section        0  sys_usart.o(i.USART1_Init)
    i.USART1_SendData                        0x08001edc   Section        0  sys_usart.o(i.USART1_SendData)
    i.USART1_printf                          0x08001f24   Section        0  sys_usart.o(i.USART1_printf)
    i.USART2_IRQHandler                      0x08001f48   Section        0  sys_usart.o(i.USART2_IRQHandler)
    i.USART3_IRQHandler                      0x0800201c   Section        0  sys_usart.o(i.USART3_IRQHandler)
    i.USART_Cmd                              0x080020f0   Section        0  stm32f10x_usart.o(i.USART_Cmd)
    i.USART_DeInit                           0x08002108   Section        0  stm32f10x_usart.o(i.USART_DeInit)
    i.USART_ITConfig                         0x080021a4   Section        0  stm32f10x_usart.o(i.USART_ITConfig)
    i.USART_Init                             0x080021f0   Section        0  stm32f10x_usart.o(i.USART_Init)
    i.__0printf                              0x080022c8   Section        0  printfa.o(i.__0printf)
    i.__0sprintf                             0x080022e8   Section        0  printfa.o(i.__0sprintf)
    i.__delay_ms                             0x08002310   Section        0  mcu_delay.o(i.__delay_ms)
    i.__delay_us                             0x0800235c   Section        0  mcu_delay.o(i.__delay_us)
    i.__scatterload_copy                     0x080023a8   Section       14  handlers.o(i.__scatterload_copy)
    i.__scatterload_null                     0x080023b6   Section        2  handlers.o(i.__scatterload_null)
    i.__scatterload_zeroinit                 0x080023b8   Section       14  handlers.o(i.__scatterload_zeroinit)
    i._fp_digits                             0x080023c8   Section        0  printfa.o(i._fp_digits)
    _fp_digits                               0x080023c9   Thumb Code   366  printfa.o(i._fp_digits)
    i._printf_core                           0x0800254c   Section        0  printfa.o(i._printf_core)
    _printf_core                             0x0800254d   Thumb Code  1704  printfa.o(i._printf_core)
    i._printf_post_padding                   0x08002c00   Section        0  printfa.o(i._printf_post_padding)
    _printf_post_padding                     0x08002c01   Thumb Code    36  printfa.o(i._printf_post_padding)
    i._printf_pre_padding                    0x08002c24   Section        0  printfa.o(i._printf_pre_padding)
    _printf_pre_padding                      0x08002c25   Thumb Code    46  printfa.o(i._printf_pre_padding)
    i._sputc                                 0x08002c52   Section        0  printfa.o(i._sputc)
    _sputc                                   0x08002c53   Thumb Code    10  printfa.o(i._sputc)
    i.fputc                                  0x08002c5c   Section        0  sys_usart.o(i.fputc)
    i.main                                   0x08002c78   Section        0  main.o(i.main)
    i.nRF24L01_ReadBuffer                    0x080030cc   Section        0  nrf24l01.o(i.nRF24L01_ReadBuffer)
    i.nRF24L01_ReadConfig                    0x0800310c   Section        0  nrf24l01.o(i.nRF24L01_ReadConfig)
    i.nRF24L01_ReadReg                       0x0800356c   Section        0  nrf24l01.o(i.nRF24L01_ReadReg)
    i.nRF24L01_RxMode                        0x08003598   Section        0  nrf24l01.o(i.nRF24L01_RxMode)
    i.nRF24L01_TxData                        0x08003678   Section        0  nrf24l01.o(i.nRF24L01_TxData)
    i.nRF24L01_WirteBuffer                   0x0800373c   Section        0  nrf24l01.o(i.nRF24L01_WirteBuffer)
    i.nRF24L01_WriteReg                      0x08003780   Section        0  nrf24l01.o(i.nRF24L01_WriteReg)
    i.nRF24LO1_Init                          0x080037ac   Section        0  nrf24l01.o(i.nRF24LO1_Init)
    i.nRF24LO1_UserConfig                    0x0800384c   Section        0  nrf24l01.o(i.nRF24LO1_UserConfig)
    .constdata                               0x08003858   Section     7920  oledx.o(.constdata)
    .conststring                             0x08005748   Section      271  nrf24l01.o(.conststring)
    .data                                    0x20000000   Section       30  stm32f10x_rcc.o(.data)
    aNrfTxAdd                                0x20000000   Data           5  stm32f10x_rcc.o(.data)
    aNrfRxAdd                                0x20000005   Data           5  stm32f10x_rcc.o(.data)
    APBAHBPrescTable                         0x2000000a   Data          16  stm32f10x_rcc.o(.data)
    ADCPrescTable                            0x2000001a   Data           4  stm32f10x_rcc.o(.data)
    .data                                    0x2000001e   Section     1046  main.o(.data)
    aNrfTxAdd                                0x2000001e   Data           5  main.o(.data)
    aNrfRxAdd                                0x20000023   Data           5  main.o(.data)
    SHT3x_TempBuffer                         0x20000428   Data           6  main.o(.data)
    SHT3x_HumBuffer                          0x2000042e   Data           6  main.o(.data)
    .data                                    0x20000434   Section       14  mcu_delay.o(.data)
    aNrfTxAdd                                0x20000434   Data           5  mcu_delay.o(.data)
    aNrfRxAdd                                0x20000439   Data           5  mcu_delay.o(.data)
    us                                       0x2000043e   Data           1  mcu_delay.o(.data)
    ms                                       0x20000440   Data           2  mcu_delay.o(.data)
    .data                                    0x20000442   Section       20  sgp30.o(.data)
    aNrfTxAdd                                0x20000442   Data           5  sgp30.o(.data)
    aNrfRxAdd                                0x20000447   Data           5  sgp30.o(.data)
    .data                                    0x20000456   Section       15  nrf24l01.o(.data)
    aNrfTxAdd                                0x20000456   Data           5  nrf24l01.o(.data)
    aNrfRxAdd                                0x2000045b   Data           5  nrf24l01.o(.data)
    .data                                    0x20000468   Section       30  sys_usart.o(.data)
    aNrfTxAdd                                0x20000468   Data           5  sys_usart.o(.data)
    aNrfRxAdd                                0x2000046d   Data           5  sys_usart.o(.data)
    U1TxCounter                              0x20000472   Data           1  sys_usart.o(.data)
    U1TxCount                                0x20000473   Data           1  sys_usart.o(.data)
    U2TxCounter                              0x20000474   Data           1  sys_usart.o(.data)
    U2TxCount                                0x20000475   Data           1  sys_usart.o(.data)
    U3TxCounter                              0x20000476   Data           1  sys_usart.o(.data)
    U3TxCount                                0x20000477   Data           1  sys_usart.o(.data)
    U4TxCounter                              0x20000478   Data           1  sys_usart.o(.data)
    U4TxCount                                0x20000479   Data           1  sys_usart.o(.data)
    U5TxCounter                              0x2000047a   Data           1  sys_usart.o(.data)
    U5TxCount                                0x2000047b   Data           1  sys_usart.o(.data)
    cnt                                      0x20000480   Data           1  sys_usart.o(.data)
    Flag_DmaTxInit                           0x20000481   Data           1  sys_usart.o(.data)
    cnt                                      0x20000482   Data           1  sys_usart.o(.data)
    cnt                                      0x20000483   Data           1  sys_usart.o(.data)
    cnt                                      0x20000484   Data           1  sys_usart.o(.data)
    cnt                                      0x20000485   Data           1  sys_usart.o(.data)
    .data                                    0x20000488   Section       20  sht3x.o(.data)
    aNrfTxAdd                                0x20000488   Data           5  sht3x.o(.data)
    aNrfRxAdd                                0x2000048d   Data           5  sht3x.o(.data)
    .bss                                     0x2000049c   Section     1152  oledx.o(.bss)
    .bss                                     0x2000091c   Section      185  nrf24l01.o(.bss)
    TempStr                                  0x20000961   Data         100  nrf24l01.o(.bss)
    .bss                                     0x200009d5   Section     3856  sys_usart.o(.bss)
    U1TxBuffer                               0x20000ee5   Data         256  sys_usart.o(.bss)
    U2TxBuffer                               0x20000fe5   Data         256  sys_usart.o(.bss)
    U3TxBuffer                               0x200010e5   Data         256  sys_usart.o(.bss)
    U4TxBuffer                               0x200011e5   Data         256  sys_usart.o(.bss)
    U5TxBuffer                               0x200012e5   Data         256  sys_usart.o(.bss)
    RxTemp                                   0x200013e5   Data         256  sys_usart.o(.bss)
    RxTemp                                   0x200014e5   Data         256  sys_usart.o(.bss)
    RxTemp                                   0x200015e5   Data         256  sys_usart.o(.bss)
    RxTemp                                   0x200016e5   Data         256  sys_usart.o(.bss)
    RxTemp                                   0x200017e5   Data         256  sys_usart.o(.bss)
    STACK                                    0x200018e8   Section     1024  startup_stm32f10x_hd.o(STACK)

    Global Symbols

    Symbol Name                              Value     Ov Type        Size  Object(Section)

    BuildAttributes$$THM_ISAv4$P$D$K$B$S$PE$A:L22UL41UL21$X:L11$S22US41US21$IEEE1$IW$USESV6$~STKCKD$USESV7$~SHL$OTIME$ROPI$EBA8$MICROLIB$REQ8$PRES8$EABIv2 0x00000000   Number         0  anon$$obj.o ABSOLUTE
    __ARM_use_no_argv                        0x00000000   Number         0  main.o ABSOLUTE
    __use_no_errno                           0x00000000   Number         0  useno.o ABSOLUTE
    __use_no_exception_handling              0x00000000   Number         0  useno.o ABSOLUTE
    __use_no_fp                              0x00000000   Number         0  useno.o ABSOLUTE
    __use_no_heap                            0x00000000   Number         0  useno.o ABSOLUTE
    __use_no_heap_region                     0x00000000   Number         0  useno.o ABSOLUTE
    __use_no_semihosting                     0x00000000   Number         0  useno.o ABSOLUTE
    __use_no_semihosting_swi                 0x00000000   Number         0  useno.o ABSOLUTE
    __use_no_signal_handling                 0x00000000   Number         0  useno.o ABSOLUTE
    _printf_a                                0x00000000   Number         0  stubs.o ABSOLUTE
    _printf_c                                0x00000000   Number         0  stubs.o ABSOLUTE
    _printf_charcount                        0x00000000   Number         0  stubs.o ABSOLUTE
    _printf_d                                0x00000000   Number         0  stubs.o ABSOLUTE
    _printf_e                                0x00000000   Number         0  stubs.o ABSOLUTE
    _printf_f                                0x00000000   Number         0  stubs.o ABSOLUTE
    _printf_flags                            0x00000000   Number         0  stubs.o ABSOLUTE
    _printf_fp_dec                           0x00000000   Number         0  stubs.o ABSOLUTE
    _printf_fp_hex                           0x00000000   Number         0  stubs.o ABSOLUTE
    _printf_g                                0x00000000   Number         0  stubs.o ABSOLUTE
    _printf_i                                0x00000000   Number         0  stubs.o ABSOLUTE
    _printf_int_dec                          0x00000000   Number         0  stubs.o ABSOLUTE
    _printf_l                                0x00000000   Number         0  stubs.o ABSOLUTE
    _printf_lc                               0x00000000   Number         0  stubs.o ABSOLUTE
    _printf_ll                               0x00000000   Number         0  stubs.o ABSOLUTE
    _printf_lld                              0x00000000   Number         0  stubs.o ABSOLUTE
    _printf_lli                              0x00000000   Number         0  stubs.o ABSOLUTE
    _printf_llo                              0x00000000   Number         0  stubs.o ABSOLUTE
    _printf_llu                              0x00000000   Number         0  stubs.o ABSOLUTE
    _printf_llx                              0x00000000   Number         0  stubs.o ABSOLUTE
    _printf_longlong_dec                     0x00000000   Number         0  stubs.o ABSOLUTE
    _printf_longlong_hex                     0x00000000   Number         0  stubs.o ABSOLUTE
    _printf_longlong_oct                     0x00000000   Number         0  stubs.o ABSOLUTE
    _printf_ls                               0x00000000   Number         0  stubs.o ABSOLUTE
    _printf_mbtowc                           0x00000000   Number         0  stubs.o ABSOLUTE
    _printf_n                                0x00000000   Number         0  stubs.o ABSOLUTE
    _printf_o                                0x00000000   Number         0  stubs.o ABSOLUTE
    _printf_p                                0x00000000   Number         0  stubs.o ABSOLUTE
    _printf_percent                          0x00000000   Number         0  stubs.o ABSOLUTE
    _printf_pre_padding                      0x00000000   Number         0  stubs.o ABSOLUTE
    _printf_return_value                     0x00000000   Number         0  stubs.o ABSOLUTE
    _printf_s                                0x00000000   Number         0  stubs.o ABSOLUTE
    _printf_sizespec                         0x00000000   Number         0  stubs.o ABSOLUTE
    _printf_str                              0x00000000   Number         0  stubs.o ABSOLUTE
    _printf_truncate_signed                  0x00000000   Number         0  stubs.o ABSOLUTE
    _printf_truncate_unsigned                0x00000000   Number         0  stubs.o ABSOLUTE
    _printf_u                                0x00000000   Number         0  stubs.o ABSOLUTE
    _printf_wc                               0x00000000   Number         0  stubs.o ABSOLUTE
    _printf_wctomb                           0x00000000   Number         0  stubs.o ABSOLUTE
    _printf_widthprec                        0x00000000   Number         0  stubs.o ABSOLUTE
    _printf_x                                0x00000000   Number         0  stubs.o ABSOLUTE
    __arm_fini_                               - Undefined Weak Reference
    __cpp_initialize__aeabi_                  - Undefined Weak Reference
    __cxa_finalize                            - Undefined Weak Reference
    _clock_init                               - Undefined Weak Reference
    _microlib_exit                            - Undefined Weak Reference
    __Vectors_Size                           0x00000130   Number         0  startup_stm32f10x_hd.o ABSOLUTE
    __Vectors                                0x08000000   Data           4  startup_stm32f10x_hd.o(RESET)
    __Vectors_End                            0x08000130   Data           0  startup_stm32f10x_hd.o(RESET)
    __main                                   0x08000131   Thumb Code     0  entry.o(.ARM.Collect$$$$00000000)
    _main_stk                                0x08000131   Thumb Code     0  entry2.o(.ARM.Collect$$$$00000001)
    _main_scatterload                        0x08000135   Thumb Code     0  entry5.o(.ARM.Collect$$$$00000004)
    __main_after_scatterload                 0x08000139   Thumb Code     0  entry5.o(.ARM.Collect$$$$00000004)
    _main_clock                              0x08000139   Thumb Code     0  entry7b.o(.ARM.Collect$$$$00000008)
    _main_cpp_init                           0x08000139   Thumb Code     0  entry8b.o(.ARM.Collect$$$$0000000A)
    _main_init                               0x08000139   Thumb Code     0  entry9a.o(.ARM.Collect$$$$0000000B)
    __rt_lib_shutdown_fini                   0x08000141   Thumb Code     0  entry12b.o(.ARM.Collect$$$$0000000E)
    __rt_final_cpp                           0x08000145   Thumb Code     0  entry10a.o(.ARM.Collect$$$$0000000F)
    __rt_final_exit                          0x08000145   Thumb Code     0  entry11a.o(.ARM.Collect$$$$00000011)
    Reset_Handler                            0x08000149   Thumb Code     8  startup_stm32f10x_hd.o(.text)
    NMI_Handler                              0x08000151   Thumb Code     2  startup_stm32f10x_hd.o(.text)
    HardFault_Handler                        0x08000153   Thumb Code     2  startup_stm32f10x_hd.o(.text)
    MemManage_Handler                        0x08000155   Thumb Code     2  startup_stm32f10x_hd.o(.text)
    BusFault_Handler                         0x08000157   Thumb Code     2  startup_stm32f10x_hd.o(.text)
    UsageFault_Handler                       0x08000159   Thumb Code     2  startup_stm32f10x_hd.o(.text)
    SVC_Handler                              0x0800015b   Thumb Code     2  startup_stm32f10x_hd.o(.text)
    DebugMon_Handler                         0x0800015d   Thumb Code     2  startup_stm32f10x_hd.o(.text)
    PendSV_Handler                           0x0800015f   Thumb Code     2  startup_stm32f10x_hd.o(.text)
    SysTick_Handler                          0x08000161   Thumb Code     2  startup_stm32f10x_hd.o(.text)
    ADC1_2_IRQHandler                        0x08000163   Thumb Code     0  startup_stm32f10x_hd.o(.text)
    ADC3_IRQHandler                          0x08000163   Thumb Code     0  startup_stm32f10x_hd.o(.text)
    CAN1_RX1_IRQHandler                      0x08000163   Thumb Code     0  startup_stm32f10x_hd.o(.text)
    CAN1_SCE_IRQHandler                      0x08000163   Thumb Code     0  startup_stm32f10x_hd.o(.text)
    DMA1_Channel1_IRQHandler                 0x08000163   Thumb Code     0  startup_stm32f10x_hd.o(.text)
    DMA1_Channel2_IRQHandler                 0x08000163   Thumb Code     0  startup_stm32f10x_hd.o(.text)
    DMA1_Channel3_IRQHandler                 0x08000163   Thumb Code     0  startup_stm32f10x_hd.o(.text)
    DMA1_Channel4_IRQHandler                 0x08000163   Thumb Code     0  startup_stm32f10x_hd.o(.text)
    DMA1_Channel5_IRQHandler                 0x08000163   Thumb Code     0  startup_stm32f10x_hd.o(.text)
    DMA1_Channel6_IRQHandler                 0x08000163   Thumb Code     0  startup_stm32f10x_hd.o(.text)
    DMA1_Channel7_IRQHandler                 0x08000163   Thumb Code     0  startup_stm32f10x_hd.o(.text)
    DMA2_Channel1_IRQHandler                 0x08000163   Thumb Code     0  startup_stm32f10x_hd.o(.text)
    DMA2_Channel2_IRQHandler                 0x08000163   Thumb Code     0  startup_stm32f10x_hd.o(.text)
    DMA2_Channel3_IRQHandler                 0x08000163   Thumb Code     0  startup_stm32f10x_hd.o(.text)
    DMA2_Channel4_5_IRQHandler               0x08000163   Thumb Code     0  startup_stm32f10x_hd.o(.text)
    EXTI0_IRQHandler                         0x08000163   Thumb Code     0  startup_stm32f10x_hd.o(.text)
    EXTI15_10_IRQHandler                     0x08000163   Thumb Code     0  startup_stm32f10x_hd.o(.text)
    EXTI1_IRQHandler                         0x08000163   Thumb Code     0  startup_stm32f10x_hd.o(.text)
    EXTI2_IRQHandler                         0x08000163   Thumb Code     0  startup_stm32f10x_hd.o(.text)
    EXTI3_IRQHandler                         0x08000163   Thumb Code     0  startup_stm32f10x_hd.o(.text)
    EXTI4_IRQHandler                         0x08000163   Thumb Code     0  startup_stm32f10x_hd.o(.text)
    EXTI9_5_IRQHandler                       0x08000163   Thumb Code     0  startup_stm32f10x_hd.o(.text)
    FLASH_IRQHandler                         0x08000163   Thumb Code     0  startup_stm32f10x_hd.o(.text)
    FSMC_IRQHandler                          0x08000163   Thumb Code     0  startup_stm32f10x_hd.o(.text)
    I2C1_ER_IRQHandler                       0x08000163   Thumb Code     0  startup_stm32f10x_hd.o(.text)
    I2C1_EV_IRQHandler                       0x08000163   Thumb Code     0  startup_stm32f10x_hd.o(.text)
    I2C2_ER_IRQHandler                       0x08000163   Thumb Code     0  startup_stm32f10x_hd.o(.text)
    I2C2_EV_IRQHandler                       0x08000163   Thumb Code     0  startup_stm32f10x_hd.o(.text)
    PVD_IRQHandler                           0x08000163   Thumb Code     0  startup_stm32f10x_hd.o(.text)
    RCC_IRQHandler                           0x08000163   Thumb Code     0  startup_stm32f10x_hd.o(.text)
    RTCAlarm_IRQHandler                      0x08000163   Thumb Code     0  startup_stm32f10x_hd.o(.text)
    RTC_IRQHandler                           0x08000163   Thumb Code     0  startup_stm32f10x_hd.o(.text)
    SDIO_IRQHandler                          0x08000163   Thumb Code     0  startup_stm32f10x_hd.o(.text)
    SPI1_IRQHandler                          0x08000163   Thumb Code     0  startup_stm32f10x_hd.o(.text)
    SPI2_IRQHandler                          0x08000163   Thumb Code     0  startup_stm32f10x_hd.o(.text)
    SPI3_IRQHandler                          0x08000163   Thumb Code     0  startup_stm32f10x_hd.o(.text)
    TAMPER_IRQHandler                        0x08000163   Thumb Code     0  startup_stm32f10x_hd.o(.text)
    TIM1_BRK_IRQHandler                      0x08000163   Thumb Code     0  startup_stm32f10x_hd.o(.text)
    TIM1_CC_IRQHandler                       0x08000163   Thumb Code     0  startup_stm32f10x_hd.o(.text)
    TIM1_TRG_COM_IRQHandler                  0x08000163   Thumb Code     0  startup_stm32f10x_hd.o(.text)
    TIM1_UP_IRQHandler                       0x08000163   Thumb Code     0  startup_stm32f10x_hd.o(.text)
    TIM2_IRQHandler                          0x08000163   Thumb Code     0  startup_stm32f10x_hd.o(.text)
    TIM3_IRQHandler                          0x08000163   Thumb Code     0  startup_stm32f10x_hd.o(.text)
    TIM4_IRQHandler                          0x08000163   Thumb Code     0  startup_stm32f10x_hd.o(.text)
    TIM5_IRQHandler                          0x08000163   Thumb Code     0  startup_stm32f10x_hd.o(.text)
    TIM6_IRQHandler                          0x08000163   Thumb Code     0  startup_stm32f10x_hd.o(.text)
    TIM7_IRQHandler                          0x08000163   Thumb Code     0  startup_stm32f10x_hd.o(.text)
    TIM8_BRK_IRQHandler                      0x08000163   Thumb Code     0  startup_stm32f10x_hd.o(.text)
    TIM8_CC_IRQHandler                       0x08000163   Thumb Code     0  startup_stm32f10x_hd.o(.text)
    TIM8_TRG_COM_IRQHandler                  0x08000163   Thumb Code     0  startup_stm32f10x_hd.o(.text)
    TIM8_UP_IRQHandler                       0x08000163   Thumb Code     0  startup_stm32f10x_hd.o(.text)
    USBWakeUp_IRQHandler                     0x08000163   Thumb Code     0  startup_stm32f10x_hd.o(.text)
    USB_HP_CAN1_TX_IRQHandler                0x08000163   Thumb Code     0  startup_stm32f10x_hd.o(.text)
    USB_LP_CAN1_RX0_IRQHandler               0x08000163   Thumb Code     0  startup_stm32f10x_hd.o(.text)
    WWDG_IRQHandler                          0x08000163   Thumb Code     0  startup_stm32f10x_hd.o(.text)
    __aeabi_memcpy                           0x0800016d   Thumb Code    36  memcpya.o(.text)
    __aeabi_memcpy4                          0x0800016d   Thumb Code     0  memcpya.o(.text)
    __aeabi_memcpy8                          0x0800016d   Thumb Code     0  memcpya.o(.text)
    __aeabi_memset                           0x08000191   Thumb Code    14  memseta.o(.text)
    __aeabi_memset4                          0x08000191   Thumb Code     0  memseta.o(.text)
    __aeabi_memset8                          0x08000191   Thumb Code     0  memseta.o(.text)
    __aeabi_memclr                           0x0800019f   Thumb Code     4  memseta.o(.text)
    __aeabi_memclr4                          0x0800019f   Thumb Code     0  memseta.o(.text)
    __aeabi_memclr8                          0x0800019f   Thumb Code     0  memseta.o(.text)
    _memset$wrapper                          0x080001a3   Thumb Code    18  memseta.o(.text)
    __aeabi_dadd                             0x080001b5   Thumb Code   322  dadd.o(.text)
    __aeabi_dsub                             0x080002f7   Thumb Code     6  dadd.o(.text)
    __aeabi_drsub                            0x080002fd   Thumb Code     6  dadd.o(.text)
    __aeabi_dmul                             0x08000303   Thumb Code   228  dmul.o(.text)
    __aeabi_ddiv                             0x080003e7   Thumb Code   222  ddiv.o(.text)
    __aeabi_ui2f                             0x080004c5   Thumb Code    10  ffltui.o(.text)
    __aeabi_ui2d                             0x080004cf   Thumb Code    26  dfltui.o(.text)
    __aeabi_f2d                              0x080004e9   Thumb Code    38  f2d.o(.text)
    __aeabi_d2f                              0x0800050f   Thumb Code    56  d2f.o(.text)
    __aeabi_uidiv                            0x08000547   Thumb Code     0  uidiv.o(.text)
    __aeabi_uidivmod                         0x08000547   Thumb Code    44  uidiv.o(.text)
    __aeabi_uldivmod                         0x08000573   Thumb Code    98  uldiv.o(.text)
    __aeabi_llsl                             0x080005d5   Thumb Code    30  llshl.o(.text)
    _ll_shift_l                              0x080005d5   Thumb Code     0  llshl.o(.text)
    __aeabi_llsr                             0x080005f3   Thumb Code    32  llushr.o(.text)
    _ll_ushift_r                             0x080005f3   Thumb Code     0  llushr.o(.text)
    __aeabi_lasr                             0x08000613   Thumb Code    36  llsshr.o(.text)
    _ll_sshift_r                             0x08000613   Thumb Code     0  llsshr.o(.text)
    __I$use$fp                               0x08000637   Thumb Code     0  iusefp.o(.text)
    _float_round                             0x08000637   Thumb Code    18  fepilogue.o(.text)
    _float_epilogue                          0x08000649   Thumb Code    92  fepilogue.o(.text)
    _double_round                            0x080006a5   Thumb Code    30  depilogue.o(.text)
    _double_epilogue                         0x080006c3   Thumb Code   156  depilogue.o(.text)
    __aeabi_d2ulz                            0x0800075f   Thumb Code    48  dfixul.o(.text)
    __aeabi_cdrcmple                         0x08000791   Thumb Code    48  cdrcmple.o(.text)
    __scatterload                            0x080007c1   Thumb Code    28  init.o(.text)
    __scatterload_rt2                        0x080007c1   Thumb Code     0  init.o(.text)
    __decompress                             0x080007e5   Thumb Code     0  __dczerorl2.o(.text)
    __decompress1                            0x080007e5   Thumb Code    86  __dczerorl2.o(.text)
    CRC8                                     0x0800083b   Thumb Code    58  sht3x.o(i.CRC8)
    CheckCrc8                                0x08000875   Thumb Code    62  sgp30.o(i.CheckCrc8)
    CheckHardwareConnection                  0x080008b5   Thumb Code   120  nrf24l01.o(i.CheckHardwareConnection)
    Delay_Init                               0x08000981   Thumb Code    52  mcu_delay.o(i.Delay_Init)
    GPIO_Init                                0x080009bd   Thumb Code   278  stm32f10x_gpio.o(i.GPIO_Init)
    GPIO_ReadInputDataBit                    0x08000ad3   Thumb Code    18  stm32f10x_gpio.o(i.GPIO_ReadInputDataBit)
    GPIO_ResetBits                           0x08000ae5   Thumb Code     4  stm32f10x_gpio.o(i.GPIO_ResetBits)
    GPIO_SetBits                             0x08000ae9   Thumb Code     4  stm32f10x_gpio.o(i.GPIO_SetBits)
    GSP30_Get_Dat                            0x08000aed   Thumb Code   104  sgp30.o(i.GSP30_Get_Dat)
    GSP30_Multiple_Read_Byte                 0x08000ba1   Thumb Code    74  sgp30.o(i.GSP30_Multiple_Read_Byte)
    I2C_SDA_Mode                             0x08000bed   Thumb Code    62  mcu_i2c.o(i.I2C_SDA_Mode)
    KEY_UserConfig                           0x08000c31   Thumb Code    40  syskey.o(i.KEY_UserConfig)
    MCU_I2C_Read                             0x08000c7d   Thumb Code    74  mcu_i2c.o(i.MCU_I2C_Read)
    MCU_I2C_Send_Ack                         0x08000ccd   Thumb Code    60  mcu_i2c.o(i.MCU_I2C_Send_Ack)
    MCU_I2C_Start                            0x08000d0d   Thumb Code    54  mcu_i2c.o(i.MCU_I2C_Start)
    MCU_I2C_Stop                             0x08000d49   Thumb Code    46  mcu_i2c.o(i.MCU_I2C_Stop)
    MCU_I2C_UserConfig                       0x08000d7d   Thumb Code    38  mcu_i2c.o(i.MCU_I2C_UserConfig)
    MCU_I2C_Wait_Ack                         0x08000da9   Thumb Code    80  mcu_i2c.o(i.MCU_I2C_Wait_Ack)
    MCU_I2C_Write                            0x08000e1d   Thumb Code    94  mcu_i2c.o(i.MCU_I2C_Write)
    MCU_SPI_Read_Write                       0x08000e81   Thumb Code    88  mcu_spi.o(i.MCU_SPI_Read_Write)
    MCU_SPI_UserConfig                       0x08000edd   Thumb Code   108  mcu_spi.o(i.MCU_SPI_UserConfig)
    NVIC_Init                                0x08000f4d   Thumb Code   100  misc.o(i.NVIC_Init)
    OLED_Clear                               0x08000fbd   Thumb Code    42  oledx.o(i.OLED_Clear)
    OLED_ColorTurn                           0x08000fed   Thumb Code    28  oledx.o(i.OLED_ColorTurn)
    OLED_DisplayTurn                         0x08001009   Thumb Code    44  oledx.o(i.OLED_DisplayTurn)
    OLED_DrawPoint                           0x08001035   Thumb Code   114  oledx.o(i.OLED_DrawPoint)
    OLED_Init                                0x080010ad   Thumb Code   216  oledx.o(i.OLED_Init)
    OLED_Pow                                 0x08001185   Thumb Code    22  oledx.o(i.OLED_Pow)
    OLED_Refresh                             0x0800119d   Thumb Code   100  oledx.o(i.OLED_Refresh)
    OLED_ShowChar                            0x08001205   Thumb Code   300  oledx.o(i.OLED_ShowChar)
    OLED_ShowChinese                         0x08001341   Thumb Code   244  oledx.o(i.OLED_ShowChinese)
    OLED_ShowNum                             0x08001445   Thumb Code   140  oledx.o(i.OLED_ShowNum)
    OLED_ShowPicture                         0x080014d1   Thumb Code   214  oledx.o(i.OLED_ShowPicture)
    OLED_ShowString                          0x080015a7   Thumb Code    74  oledx.o(i.OLED_ShowString)
    OLED_WR_Byte                             0x080015f1   Thumb Code    56  oledx.o(i.OLED_WR_Byte)
    RCC_APB1PeriphResetCmd                   0x08001629   Thumb Code    26  stm32f10x_rcc.o(i.RCC_APB1PeriphResetCmd)
    RCC_APB2PeriphClockCmd                   0x08001649   Thumb Code    26  stm32f10x_rcc.o(i.RCC_APB2PeriphClockCmd)
    RCC_APB2PeriphResetCmd                   0x08001669   Thumb Code    26  stm32f10x_rcc.o(i.RCC_APB2PeriphResetCmd)
    RCC_GetClocksFreq                        0x08001689   Thumb Code   192  stm32f10x_rcc.o(i.RCC_GetClocksFreq)
    SGP30_Init                               0x0800175d   Thumb Code    30  sgp30.o(i.SGP30_Init)
    SGP30_Write                              0x0800177b   Thumb Code    54  sgp30.o(i.SGP30_Write)
    SHT3x_Get_Dat                            0x080017b1   Thumb Code   290  sht3x.o(i.SHT3x_Get_Dat)
    SHT3x_Init                               0x080018f1   Thumb Code    34  sht3x.o(i.SHT3x_Init)
    SHT3x_Write_Byte                         0x08001913   Thumb Code    54  sht3x.o(i.SHT3x_Write_Byte)
    SysRuningstatusLED_Init                  0x08001a31   Thumb Code    88  sysled.o(i.SysRuningstatusLED_Init)
    SysTick_CLKSourceConfig                  0x08001ab1   Thumb Code    40  misc.o(i.SysTick_CLKSourceConfig)
    SystemInit                               0x08001ad9   Thumb Code    78  system_stm32f10x.o(i.SystemInit)
    UART4_IRQHandler                         0x08001b39   Thumb Code   180  sys_usart.o(i.UART4_IRQHandler)
    UART5_IRQHandler                         0x08001c0d   Thumb Code   168  sys_usart.o(i.UART5_IRQHandler)
    USART1_IRQHandler                        0x08001cd5   Thumb Code   172  sys_usart.o(i.USART1_IRQHandler)
    USART1_Init                              0x08001d9d   Thumb Code   204  sys_usart.o(i.USART1_Init)
    USART1_SendData                          0x08001edd   Thumb Code    58  sys_usart.o(i.USART1_SendData)
    USART1_printf                            0x08001f25   Thumb Code    34  sys_usart.o(i.USART1_printf)
    USART2_IRQHandler                        0x08001f49   Thumb Code   180  sys_usart.o(i.USART2_IRQHandler)
    USART3_IRQHandler                        0x0800201d   Thumb Code   180  sys_usart.o(i.USART3_IRQHandler)
    USART_Cmd                                0x080020f1   Thumb Code    24  stm32f10x_usart.o(i.USART_Cmd)
    USART_DeInit                             0x08002109   Thumb Code   134  stm32f10x_usart.o(i.USART_DeInit)
    USART_ITConfig                           0x080021a5   Thumb Code    74  stm32f10x_usart.o(i.USART_ITConfig)
    USART_Init                               0x080021f1   Thumb Code   210  stm32f10x_usart.o(i.USART_Init)
    __0printf                                0x080022c9   Thumb Code    22  printfa.o(i.__0printf)
    __1printf                                0x080022c9   Thumb Code     0  printfa.o(i.__0printf)
    __2printf                                0x080022c9   Thumb Code     0  printfa.o(i.__0printf)
    __c89printf                              0x080022c9   Thumb Code     0  printfa.o(i.__0printf)
    printf                                   0x080022c9   Thumb Code     0  printfa.o(i.__0printf)
    __0sprintf                               0x080022e9   Thumb Code    34  printfa.o(i.__0sprintf)
    __1sprintf                               0x080022e9   Thumb Code     0  printfa.o(i.__0sprintf)
    __2sprintf                               0x080022e9   Thumb Code     0  printfa.o(i.__0sprintf)
    __c89sprintf                             0x080022e9   Thumb Code     0  printfa.o(i.__0sprintf)
    sprintf                                  0x080022e9   Thumb Code     0  printfa.o(i.__0sprintf)
    __delay_ms                               0x08002311   Thumb Code    70  mcu_delay.o(i.__delay_ms)
    __delay_us                               0x0800235d   Thumb Code    70  mcu_delay.o(i.__delay_us)
    __scatterload_copy                       0x080023a9   Thumb Code    14  handlers.o(i.__scatterload_copy)
    __scatterload_null                       0x080023b7   Thumb Code     2  handlers.o(i.__scatterload_null)
    __scatterload_zeroinit                   0x080023b9   Thumb Code    14  handlers.o(i.__scatterload_zeroinit)
    fputc                                    0x08002c5d   Thumb Code    24  sys_usart.o(i.fputc)
    main                                     0x08002c79   Thumb Code   880  main.o(i.main)
    nRF24L01_ReadBuffer                      0x080030cd   Thumb Code    60  nrf24l01.o(i.nRF24L01_ReadBuffer)
    nRF24L01_ReadConfig                      0x0800310d   Thumb Code   572  nrf24l01.o(i.nRF24L01_ReadConfig)
    nRF24L01_ReadReg                         0x0800356d   Thumb Code    38  nrf24l01.o(i.nRF24L01_ReadReg)
    nRF24L01_RxMode                          0x08003599   Thumb Code   118  nrf24l01.o(i.nRF24L01_RxMode)
    nRF24L01_TxData                          0x08003679   Thumb Code   144  nrf24l01.o(i.nRF24L01_TxData)
    nRF24L01_WirteBuffer                     0x0800373d   Thumb Code    62  nrf24l01.o(i.nRF24L01_WirteBuffer)
    nRF24L01_WriteReg                        0x08003781   Thumb Code    40  nrf24l01.o(i.nRF24L01_WriteReg)
    nRF24LO1_Init                            0x080037ad   Thumb Code   140  nrf24l01.o(i.nRF24LO1_Init)
    nRF24LO1_UserConfig                      0x0800384d   Thumb Code    12  nrf24l01.o(i.nRF24LO1_UserConfig)
    SysFT_0806                               0x08003858   Data         552  oledx.o(.constdata)
    SysFT_1206                               0x08003a80   Data        1140  oledx.o(.constdata)
    SysFT_1608                               0x08003ef4   Data        1520  oledx.o(.constdata)
    SysFT_2412                               0x080044e4   Data        3420  oledx.o(.constdata)
    Hzk1                                     0x08005240   Data         576  oledx.o(.constdata)
    Hzk2                                     0x08005480   Data          72  oledx.o(.constdata)
    Hzk3                                     0x080054c8   Data         128  oledx.o(.constdata)
    Hzk4                                     0x08005548   Data         512  oledx.o(.constdata)
    Region$$Table$$Base                      0x08005858   Number         0  anon$$obj.o(Region$$Table)
    Region$$Table$$Limit                     0x08005878   Number         0  anon$$obj.o(Region$$Table)
    BMP1                                     0x20000028   Data        1024  main.o(.data)
    CO2_Raw                                  0x2000044c   Data           2  sgp30.o(.data)
    TVCO_Raw                                 0x2000044e   Data           2  sgp30.o(.data)
    RawBuffer                                0x20000450   Data           6  sgp30.o(.data)
    TX_ADDRESS                               0x20000460   Data           5  nrf24l01.o(.data)
    __stdout                                 0x2000047c   Data           4  sys_usart.o(.data)
    SHT3x_Temp                               0x20000494   Data           4  sht3x.o(.data)
    SHT3x_Hum                                0x20000498   Data           4  sht3x.o(.data)
    OLED_GRAM                                0x2000049c   Data        1152  oledx.o(.bss)
    xNRF24L01                                0x2000091c   Data          69  nrf24l01.o(.bss)
    nFR20L01Buffer                           0x200009c5   Data          16  nrf24l01.o(.bss)
    xUSART                                   0x200009d5   Data        1296  sys_usart.o(.bss)
    __initial_sp                             0x20001ce8   Data           0  startup_stm32f10x_hd.o(STACK)



==============================================================================

Memory Map of the image

  Image Entry point : 0x08000149

  Load Region LR_1 (Base: 0x08000000, Size: 0x00005d14, Max: 0xffffffff, ABSOLUTE, COMPRESSED[0x000059dc])

    Execution Region ER_RO (Exec base: 0x08000000, Load base: 0x08000000, Size: 0x00005878, Max: 0xffffffff, ABSOLUTE)

    Exec Addr    Load Addr    Size         Type   Attr      Idx    E Section Name        Object

    0x08000000   0x08000000   0x00000130   Data   RO          926    RESET               startup_stm32f10x_hd.o
    0x08000130   0x08000130   0x00000000   Code   RO         1572  * .ARM.Collect$$$$00000000  mc_w.l(entry.o)
    0x08000130   0x08000130   0x00000004   Code   RO         1862    .ARM.Collect$$$$00000001  mc_w.l(entry2.o)
    0x08000134   0x08000134   0x00000004   Code   RO         1865    .ARM.Collect$$$$00000004  mc_w.l(entry5.o)
    0x08000138   0x08000138   0x00000000   Code   RO         1867    .ARM.Collect$$$$00000008  mc_w.l(entry7b.o)
    0x08000138   0x08000138   0x00000000   Code   RO         1869    .ARM.Collect$$$$0000000A  mc_w.l(entry8b.o)
    0x08000138   0x08000138   0x00000008   Code   RO         1870    .ARM.Collect$$$$0000000B  mc_w.l(entry9a.o)
    0x08000140   0x08000140   0x00000004   Code   RO         1877    .ARM.Collect$$$$0000000E  mc_w.l(entry12b.o)
    0x08000144   0x08000144   0x00000000   Code   RO         1872    .ARM.Collect$$$$0000000F  mc_w.l(entry10a.o)
    0x08000144   0x08000144   0x00000000   Code   RO         1874    .ARM.Collect$$$$00000011  mc_w.l(entry11a.o)
    0x08000144   0x08000144   0x00000004   Code   RO         1863    .ARM.Collect$$$$00002712  mc_w.l(entry2.o)
    0x08000148   0x08000148   0x00000024   Code   RO          927  * .text               startup_stm32f10x_hd.o
    0x0800016c   0x0800016c   0x00000024   Code   RO         1575    .text               mc_w.l(memcpya.o)
    0x08000190   0x08000190   0x00000024   Code   RO         1577    .text               mc_w.l(memseta.o)
    0x080001b4   0x080001b4   0x0000014e   Code   RO         1842    .text               mf_w.l(dadd.o)
    0x08000302   0x08000302   0x000000e4   Code   RO         1844    .text               mf_w.l(dmul.o)
    0x080003e6   0x080003e6   0x000000de   Code   RO         1846    .text               mf_w.l(ddiv.o)
    0x080004c4   0x080004c4   0x0000000a   Code   RO         1848    .text               mf_w.l(ffltui.o)
    0x080004ce   0x080004ce   0x0000001a   Code   RO         1852    .text               mf_w.l(dfltui.o)
    0x080004e8   0x080004e8   0x00000026   Code   RO         1858    .text               mf_w.l(f2d.o)
    0x0800050e   0x0800050e   0x00000038   Code   RO         1860    .text               mf_w.l(d2f.o)
    0x08000546   0x08000546   0x0000002c   Code   RO         1878    .text               mc_w.l(uidiv.o)
    0x08000572   0x08000572   0x00000062   Code   RO         1880    .text               mc_w.l(uldiv.o)
    0x080005d4   0x080005d4   0x0000001e   Code   RO         1882    .text               mc_w.l(llshl.o)
    0x080005f2   0x080005f2   0x00000020   Code   RO         1884    .text               mc_w.l(llushr.o)
    0x08000612   0x08000612   0x00000024   Code   RO         1886    .text               mc_w.l(llsshr.o)
    0x08000636   0x08000636   0x00000000   Code   RO         1888    .text               mc_w.l(iusefp.o)
    0x08000636   0x08000636   0x0000006e   Code   RO         1889    .text               mf_w.l(fepilogue.o)
    0x080006a4   0x080006a4   0x000000ba   Code   RO         1891    .text               mf_w.l(depilogue.o)
    0x0800075e   0x0800075e   0x00000030   Code   RO         1893    .text               mf_w.l(dfixul.o)
    0x0800078e   0x0800078e   0x00000002   PAD
    0x08000790   0x08000790   0x00000030   Code   RO         1895    .text               mf_w.l(cdrcmple.o)
    0x080007c0   0x080007c0   0x00000024   Code   RO         1897    .text               mc_w.l(init.o)
    0x080007e4   0x080007e4   0x00000056   Code   RO         1907    .text               mc_w.l(__dczerorl2.o)
    0x0800083a   0x0800083a   0x0000003a   Code   RO         1521    i.CRC8              sht3x.o
    0x08000874   0x08000874   0x0000003e   Code   RO         1033    i.CheckCrc8         sgp30.o
    0x080008b2   0x080008b2   0x00000002   PAD
    0x080008b4   0x080008b4   0x000000cc   Code   RO         1214    i.CheckHardwareConnection  nrf24l01.o
    0x08000980   0x08000980   0x0000003c   Code   RO         1007    i.Delay_Init        mcu_delay.o
    0x080009bc   0x080009bc   0x00000116   Code   RO          188    i.GPIO_Init         stm32f10x_gpio.o
    0x08000ad2   0x08000ad2   0x00000012   Code   RO          192    i.GPIO_ReadInputDataBit  stm32f10x_gpio.o
    0x08000ae4   0x08000ae4   0x00000004   Code   RO          195    i.GPIO_ResetBits    stm32f10x_gpio.o
    0x08000ae8   0x08000ae8   0x00000004   Code   RO          196    i.GPIO_SetBits      stm32f10x_gpio.o
    0x08000aec   0x08000aec   0x000000b4   Code   RO         1034    i.GSP30_Get_Dat     sgp30.o
    0x08000ba0   0x08000ba0   0x0000004a   Code   RO         1035    i.GSP30_Multiple_Read_Byte  sgp30.o
    0x08000bea   0x08000bea   0x00000002   PAD
    0x08000bec   0x08000bec   0x00000044   Code   RO          951    i.I2C_SDA_Mode      mcu_i2c.o
    0x08000c30   0x08000c30   0x0000004c   Code   RO         1308    i.KEY_UserConfig    syskey.o
    0x08000c7c   0x08000c7c   0x00000050   Code   RO          952    i.MCU_I2C_Read      mcu_i2c.o
    0x08000ccc   0x08000ccc   0x00000040   Code   RO          953    i.MCU_I2C_Send_Ack  mcu_i2c.o
    0x08000d0c   0x08000d0c   0x0000003c   Code   RO          954    i.MCU_I2C_Start     mcu_i2c.o
    0x08000d48   0x08000d48   0x00000034   Code   RO          955    i.MCU_I2C_Stop      mcu_i2c.o
    0x08000d7c   0x08000d7c   0x0000002c   Code   RO          956    i.MCU_I2C_UserConfig  mcu_i2c.o
    0x08000da8   0x08000da8   0x00000074   Code   RO          957    i.MCU_I2C_Wait_Ack  mcu_i2c.o
    0x08000e1c   0x08000e1c   0x00000064   Code   RO          958    i.MCU_I2C_Write     mcu_i2c.o
    0x08000e80   0x08000e80   0x0000005c   Code   RO         1194    i.MCU_SPI_Read_Write  mcu_spi.o
    0x08000edc   0x08000edc   0x00000070   Code   RO         1195    i.MCU_SPI_UserConfig  mcu_spi.o
    0x08000f4c   0x08000f4c   0x00000070   Code   RO          684    i.NVIC_Init         misc.o
    0x08000fbc   0x08000fbc   0x00000030   Code   RO         1072    i.OLED_Clear        oledx.o
    0x08000fec   0x08000fec   0x0000001c   Code   RO         1073    i.OLED_ColorTurn    oledx.o
    0x08001008   0x08001008   0x0000002c   Code   RO         1076    i.OLED_DisplayTurn  oledx.o
    0x08001034   0x08001034   0x00000078   Code   RO         1079    i.OLED_DrawPoint    oledx.o
    0x080010ac   0x080010ac   0x000000d8   Code   RO         1080    i.OLED_Init         oledx.o
    0x08001184   0x08001184   0x00000016   Code   RO         1081    i.OLED_Pow          oledx.o
    0x0800119a   0x0800119a   0x00000002   PAD
    0x0800119c   0x0800119c   0x00000068   Code   RO         1082    i.OLED_Refresh      oledx.o
    0x08001204   0x08001204   0x0000013c   Code   RO         1084    i.OLED_ShowChar     oledx.o
    0x08001340   0x08001340   0x00000104   Code   RO         1085    i.OLED_ShowChinese  oledx.o
    0x08001444   0x08001444   0x0000008c   Code   RO         1086    i.OLED_ShowNum      oledx.o
    0x080014d0   0x080014d0   0x000000d6   Code   RO         1087    i.OLED_ShowPicture  oledx.o
    0x080015a6   0x080015a6   0x0000004a   Code   RO         1088    i.OLED_ShowString   oledx.o
    0x080015f0   0x080015f0   0x00000038   Code   RO         1089    i.OLED_WR_Byte      oledx.o
    0x08001628   0x08001628   0x00000020   Code   RO          305    i.RCC_APB1PeriphResetCmd  stm32f10x_rcc.o
    0x08001648   0x08001648   0x00000020   Code   RO          306    i.RCC_APB2PeriphClockCmd  stm32f10x_rcc.o
    0x08001668   0x08001668   0x00000020   Code   RO          307    i.RCC_APB2PeriphResetCmd  stm32f10x_rcc.o
    0x08001688   0x08001688   0x000000d4   Code   RO          314    i.RCC_GetClocksFreq  stm32f10x_rcc.o
    0x0800175c   0x0800175c   0x0000001e   Code   RO         1036    i.SGP30_Init        sgp30.o
    0x0800177a   0x0800177a   0x00000036   Code   RO         1037    i.SGP30_Write       sgp30.o
    0x080017b0   0x080017b0   0x00000140   Code   RO         1524    i.SHT3x_Get_Dat     sht3x.o
    0x080018f0   0x080018f0   0x00000022   Code   RO         1525    i.SHT3x_Init        sht3x.o
    0x08001912   0x08001912   0x00000036   Code   RO         1527    i.SHT3x_Write_Byte  sht3x.o
    0x08001948   0x08001948   0x00000008   Code   RO           17    i.SetSysClock       system_stm32f10x.o
    0x08001950   0x08001950   0x000000e0   Code   RO           18    i.SetSysClockTo72   system_stm32f10x.o
    0x08001a30   0x08001a30   0x00000080   Code   RO         1294    i.SysRuningstatusLED_Init  sysled.o
    0x08001ab0   0x08001ab0   0x00000028   Code   RO          688    i.SysTick_CLKSourceConfig  misc.o
    0x08001ad8   0x08001ad8   0x00000060   Code   RO           20    i.SystemInit        system_stm32f10x.o
    0x08001b38   0x08001b38   0x000000d4   Code   RO         1323    i.UART4_IRQHandler  sys_usart.o
    0x08001c0c   0x08001c0c   0x000000c8   Code   RO         1328    i.UART5_IRQHandler  sys_usart.o
    0x08001cd4   0x08001cd4   0x000000c8   Code   RO         1333    i.USART1_IRQHandler  sys_usart.o
    0x08001d9c   0x08001d9c   0x00000140   Code   RO         1334    i.USART1_Init       sys_usart.o
    0x08001edc   0x08001edc   0x00000048   Code   RO         1335    i.USART1_SendData   sys_usart.o
    0x08001f24   0x08001f24   0x00000022   Code   RO         1336    i.USART1_printf     sys_usart.o
    0x08001f46   0x08001f46   0x00000002   PAD
    0x08001f48   0x08001f48   0x000000d4   Code   RO         1339    i.USART2_IRQHandler  sys_usart.o
    0x0800201c   0x0800201c   0x000000d4   Code   RO         1344    i.USART3_IRQHandler  sys_usart.o
    0x080020f0   0x080020f0   0x00000018   Code   RO          506    i.USART_Cmd         stm32f10x_usart.o
    0x08002108   0x08002108   0x0000009c   Code   RO          508    i.USART_DeInit      stm32f10x_usart.o
    0x080021a4   0x080021a4   0x0000004a   Code   RO          512    i.USART_ITConfig    stm32f10x_usart.o
    0x080021ee   0x080021ee   0x00000002   PAD
    0x080021f0   0x080021f0   0x000000d8   Code   RO          513    i.USART_Init        stm32f10x_usart.o
    0x080022c8   0x080022c8   0x00000020   Code   RO         1814    i.__0printf         mc_w.l(printfa.o)
    0x080022e8   0x080022e8   0x00000028   Code   RO         1816    i.__0sprintf        mc_w.l(printfa.o)
    0x08002310   0x08002310   0x0000004c   Code   RO         1008    i.__delay_ms        mcu_delay.o
    0x0800235c   0x0800235c   0x0000004c   Code   RO         1009    i.__delay_us        mcu_delay.o
    0x080023a8   0x080023a8   0x0000000e   Code   RO         1901    i.__scatterload_copy  mc_w.l(handlers.o)
    0x080023b6   0x080023b6   0x00000002   Code   RO         1902    i.__scatterload_null  mc_w.l(handlers.o)
    0x080023b8   0x080023b8   0x0000000e   Code   RO         1903    i.__scatterload_zeroinit  mc_w.l(handlers.o)
    0x080023c6   0x080023c6   0x00000002   PAD
    0x080023c8   0x080023c8   0x00000184   Code   RO         1821    i._fp_digits        mc_w.l(printfa.o)
    0x0800254c   0x0800254c   0x000006b4   Code   RO         1822    i._printf_core      mc_w.l(printfa.o)
    0x08002c00   0x08002c00   0x00000024   Code   RO         1823    i._printf_post_padding  mc_w.l(printfa.o)
    0x08002c24   0x08002c24   0x0000002e   Code   RO         1824    i._printf_pre_padding  mc_w.l(printfa.o)
    0x08002c52   0x08002c52   0x0000000a   Code   RO         1826    i._sputc            mc_w.l(printfa.o)
    0x08002c5c   0x08002c5c   0x0000001c   Code   RO         1349    i.fputc             sys_usart.o
    0x08002c78   0x08002c78   0x00000454   Code   RO          931    i.main              main.o
    0x080030cc   0x080030cc   0x00000040   Code   RO         1215    i.nRF24L01_ReadBuffer  nrf24l01.o
    0x0800310c   0x0800310c   0x00000460   Code   RO         1216    i.nRF24L01_ReadConfig  nrf24l01.o
    0x0800356c   0x0800356c   0x0000002c   Code   RO         1217    i.nRF24L01_ReadReg  nrf24l01.o
    0x08003598   0x08003598   0x000000e0   Code   RO         1219    i.nRF24L01_RxMode   nrf24l01.o
    0x08003678   0x08003678   0x000000c4   Code   RO         1220    i.nRF24L01_TxData   nrf24l01.o
    0x0800373c   0x0800373c   0x00000044   Code   RO         1221    i.nRF24L01_WirteBuffer  nrf24l01.o
    0x08003780   0x08003780   0x0000002c   Code   RO         1222    i.nRF24L01_WriteReg  nrf24l01.o
    0x080037ac   0x080037ac   0x000000a0   Code   RO         1223    i.nRF24LO1_Init     nrf24l01.o
    0x0800384c   0x0800384c   0x0000000c   Code   RO         1224    i.nRF24LO1_UserConfig  nrf24l01.o
    0x08003858   0x08003858   0x00001ef0   Data   RO         1091    .constdata          oledx.o
    0x08005748   0x08005748   0x0000010f   Data   RO         1226    .conststring        nrf24l01.o
    0x08005857   0x08005857   0x00000001   PAD
    0x08005858   0x08005858   0x00000020   Data   RO         1899    Region$$Table       anon$$obj.o


    Execution Region ER_RW (Exec base: 0x20000000, Load base: 0x08005878, Size: 0x0000049c, Max: 0xffffffff, ABSOLUTE, COMPRESSED[0x00000164])

    Exec Addr    Load Addr    Size         Type   Attr      Idx    E Section Name        Object

    0x20000000   COMPRESSED   0x0000001e   Data   RW          334    .data               stm32f10x_rcc.o
    0x2000001e   COMPRESSED   0x00000416   Data   RW          933    .data               main.o
    0x20000434   COMPRESSED   0x0000000e   Data   RW         1010    .data               mcu_delay.o
    0x20000442   COMPRESSED   0x00000014   Data   RW         1038    .data               sgp30.o
    0x20000456   COMPRESSED   0x0000000f   Data   RW         1227    .data               nrf24l01.o
    0x20000465   COMPRESSED   0x00000003   PAD
    0x20000468   COMPRESSED   0x0000001e   Data   RW         1351    .data               sys_usart.o
    0x20000486   COMPRESSED   0x00000002   PAD
    0x20000488   COMPRESSED   0x00000014   Data   RW         1528    .data               sht3x.o


    Execution Region ER_ZI (Exec base: 0x2000049c, Load base: 0x080059dc, Size: 0x0000184c, Max: 0xffffffff, ABSOLUTE)

    Exec Addr    Load Addr    Size         Type   Attr      Idx    E Section Name        Object

    0x2000049c        -       0x00000480   Zero   RW         1090    .bss                oledx.o
    0x2000091c        -       0x000000b9   Zero   RW         1225    .bss                nrf24l01.o
    0x200009d5        -       0x00000f10   Zero   RW         1350    .bss                sys_usart.o
    0x200018e5   0x080059dc   0x00000003   PAD
    0x200018e8        -       0x00000400   Zero   RW          924    STACK               startup_stm32f10x_hd.o


==============================================================================

Image component sizes


      Code (inc. data)   RO Data    RW Data    ZI Data      Debug   Object Name

         0          0          0          0          0       4540   core_cm3.o
      1108        228          0       1046          0       2038   main.o
       212         20          0         14          0       1847   mcu_delay.o
       584         76          0          0          0       4500   mcu_i2c.o
       204          8          0          0          0       1222   mcu_spi.o
       152         12          0          0          0       1510   misc.o
      2136        830        271         15        185       9436   nrf24l01.o
      1642         48       7920          0       1152      10610   oledx.o
       400         76          0         20          0       3975   sgp30.o
       466         30          0         20          0       3530   sht3x.o
        36          8        304          0       1024        816   startup_stm32f10x_hd.o
       304          0          0          0          0       3604   stm32f10x_gpio.o
       308         38          0         30          0       5015   stm32f10x_rcc.o
       470         28          0          0          0       4241   stm32f10x_usart.o
      1490        290          0         30       3856       9265   sys_usart.o
        76         36          0          0          0        501   syskey.o
       128         40          0          0          0        550   sysled.o
       328         28          0          0          0     233520   system_stm32f10x.o

    ----------------------------------------------------------------------
     10054       1796       8528       1180       6220     300720   Object Totals
         0          0         32          0          0          0   (incl. Generated)
        10          0          1          5          3          0   (incl. Padding)

    ----------------------------------------------------------------------

      Code (inc. data)   RO Data    RW Data    ZI Data      Debug   Library Member Name

        86          0          0          0          0          0   __dczerorl2.o
         0          0          0          0          0          0   entry.o
         0          0          0          0          0          0   entry10a.o
         0          0          0          0          0          0   entry11a.o
         4          0          0          0          0          0   entry12b.o
         8          4          0          0          0          0   entry2.o
         4          0          0          0          0          0   entry5.o
         0          0          0          0          0          0   entry7b.o
         0          0          0          0          0          0   entry8b.o
         8          4          0          0          0          0   entry9a.o
        30          0          0          0          0          0   handlers.o
        36          8          0          0          0         68   init.o
         0          0          0          0          0          0   iusefp.o
        30          0          0          0          0         68   llshl.o
        36          0          0          0          0         68   llsshr.o
        32          0          0          0          0         68   llushr.o
        36          0          0          0          0         68   memcpya.o
        36          0          0          0          0        108   memseta.o
      2268         96          0          0          0        616   printfa.o
        44          0          0          0          0         80   uidiv.o
        98          0          0          0          0         92   uldiv.o
        48          0          0          0          0         68   cdrcmple.o
        56          0          0          0          0         88   d2f.o
       334          0          0          0          0        148   dadd.o
       222          0          0          0          0        100   ddiv.o
       186          0          0          0          0        176   depilogue.o
        48          0          0          0          0         68   dfixul.o
        26          0          0          0          0         76   dfltui.o
       228          0          0          0          0         96   dmul.o
        38          0          0          0          0         68   f2d.o
       110          0          0          0          0        168   fepilogue.o
        10          0          0          0          0         68   ffltui.o

    ----------------------------------------------------------------------
      4066        112          0          0          0       2360   Library Totals
         4          0          0          0          0          0   (incl. Padding)

    ----------------------------------------------------------------------

      Code (inc. data)   RO Data    RW Data    ZI Data      Debug   Library Name

      2756        112          0          0          0       1236   mc_w.l
      1306          0          0          0          0       1124   mf_w.l

    ----------------------------------------------------------------------
      4066        112          0          0          0       2360   Library Totals

    ----------------------------------------------------------------------

==============================================================================


      Code (inc. data)   RO Data    RW Data    ZI Data      Debug   

     14120       1908       8528       1180       6220     298372   Grand Totals
     14120       1908       8528        356       6220     298372   ELF Image Totals (compressed)
     14120       1908       8528        356          0          0   ROM Totals

==============================================================================

    Total RO  Size (Code + RO Data)                22648 (  22.12kB)
    Total RW  Size (RW Data + ZI Data)              7400 (   7.23kB)
    Total ROM Size (Code + RO Data + RW Data)      23004 (  22.46kB)

==============================================================================

